<html>
<body>
<pre>
<h1>µVision Build Log</h1>
<h2>Tool Versions:</h2>
IDE-Version: ¦ÌVision V5.23.0.0
Copyright (C) 2017 ARM Ltd and ARM Germany GmbH. All rights reserved.
License Information: li AutoBVT, Microsoft, LIC=LJWII-TAKE2-LUK4M-XY4GC-CPL1D-E7ZKZ
 
Tool Versions:
Toolchain:       MDK-ARM Professional  Version: 5.23
Toolchain Path:  C:\Keil_v5\ARM\ARMCC\Bin
C Compiler:      Armcc.exe V5.06 update 4 (build 422)
Assembler:       Armasm.exe V5.06 update 4 (build 422)
Linker/Locator:  ArmLink.exe V5.06 update 4 (build 422)
Library Manager: ArmAr.exe V5.06 update 4 (build 422)
Hex Converter:   FromElf.exe V5.06 update 4 (build 422)
CPU DLL:         SARMCM3.DLL V5.23
Dialog DLL:      DCM.DLL V1.15.0.0
Target DLL:      STLink\ST-LINKIII-KEIL_SWO.dll V2.0.18.0
Dialog DLL:      TCM.DLL V1.27.0.0
 
<h2>Project:</h2>
F:\2018-4-30\Fly_Control_Code\Flight_Control_V1.0\User\FlightControllerV1.0.uvprojx
Project File Date:  05/11/2018

<h2>Output:</h2>
*** Using Compiler 'V5.06 update 4 (build 422)', folder: 'C:\Keil_v5\ARM\ARMCC\Bin'
Build target 'Flight_Controller_V1.0'
compiling arducopter.cpp...
arducopter.h(7): warning:  #1-D: last line of file ends without a newline
  #endif
scheduler.h(53): warning:  #1-D: last line of file ends without a newline
  #endif
board.h(67): warning:  #1-D: last line of file ends without a newline
  #endif
..\Drivers\dev_rgbled.h(32): warning:  #1300-D: init inherits implicit virtual
           void init(void);
..\Drivers\dev_ws2812.h(3): warning:  #1-D: last line of file ends without a newline
  #endif
..\Drivers\dev_const_led.h(15): warning:  #1300-D: init inherits implicit virtual
  		      void init(void);
..\Drivers\dev_const_led.h(32): warning:  #1-D: last line of file ends without a newline
  #endif
..\Drivers\dev_uart.h(59): warning:  #1-D: last line of file ends without a newline
  #endif
..\Drivers\dev_soft_iic.h(47): warning:  #1-D: last line of file ends without a newline
  #endif
..\Drivers\dev_hard_iic.h(16): warning:  #1-D: last line of file ends without a newline
  #endif
..\Drivers\dev_spi.h(31): warning:  #1-D: last line of file ends without a newline
  #endif
..\Drivers\dev_mpu6000.h(135): warning:  #1-D: last line of file ends without a newline
  #endif
..\Drivers\dev_mpu6050.h(3): warning:  #1-D: last line of file ends without a newline
  #endif
..\Drivers\dev_mpu9250.h(3): warning:  #1-D: last line of file ends without a newline
  #endif
..\Drivers\dev_mpu9150.h(3): warning:  #1-D: last line of file ends without a newline
  #endif
..\Drivers\dev_icm_20602.h(3): warning:  #1-D: last line of file ends without a newline
  #endif
..\Drivers\dev_sensor.h(95): warning:  #1-D: last line of file ends without a newline
  #endif
..\Drivers\dev_hmc5883l.h(3): warning:  #1-D: last line of file ends without a newline
  #endif
..\Drivers\dev_ist8310.h(3): warning:  #1-D: last line of file ends without a newline
  #endif
..\Drivers\dev_ms5611.h(121): warning:  #1-D: last line of file ends without a newline
  #endif
..\Drivers\dev_lsm303d.h(178): warning:  #1-D: last line of file ends without a newline
  #endif
..\Drivers\dev_pwm.h(3): warning:  #1-D: last line of file ends without a newline
  #endif
..\Drivers\dev_gps.h(3): warning:  #1-D: last line of file ends without a newline
  #endif
..\Drivers\dev_fm25v01.h(3): warning:  #1-D: last line of file ends without a newline
  #endif
..\Drivers\dev_sbus.h(3): warning:  #1-D: last line of file ends without a newline
  #endif
..\Protocol\protocol.h(62): warning:  #1-D: last line of file ends without a newline
  #endif
arducopter.h(7): warning:  #1-D: last line of file ends without a newline
  #endif
arducopter.cpp: 27 warnings, 0 errors
compiling board.cpp...
board.h(67): warning:  #1-D: last line of file ends without a newline
  #endif
arducopter.h(7): warning:  #1-D: last line of file ends without a newline
  #endif
scheduler.h(53): warning:  #1-D: last line of file ends without a newline
  #endif
..\Drivers\dev_rgbled.h(32): warning:  #1300-D: init inherits implicit virtual
           void init(void);
..\Drivers\dev_ws2812.h(3): warning:  #1-D: last line of file ends without a newline
  #endif
..\Drivers\dev_const_led.h(15): warning:  #1300-D: init inherits implicit virtual
  		      void init(void);
..\Drivers\dev_const_led.h(32): warning:  #1-D: last line of file ends without a newline
  #endif
..\Drivers\dev_uart.h(59): warning:  #1-D: last line of file ends without a newline
  #endif
..\Drivers\dev_soft_iic.h(47): warning:  #1-D: last line of file ends without a newline
  #endif
..\Drivers\dev_hard_iic.h(16): warning:  #1-D: last line of file ends without a newline
  #endif
..\Drivers\dev_spi.h(31): warning:  #1-D: last line of file ends without a newline
  #endif
..\Drivers\dev_mpu6000.h(135): warning:  #1-D: last line of file ends without a newline
  #endif
..\Drivers\dev_mpu6050.h(3): warning:  #1-D: last line of file ends without a newline
  #endif
..\Drivers\dev_mpu9250.h(3): warning:  #1-D: last line of file ends without a newline
  #endif
..\Drivers\dev_mpu9150.h(3): warning:  #1-D: last line of file ends without a newline
  #endif
..\Drivers\dev_icm_20602.h(3): warning:  #1-D: last line of file ends without a newline
  #endif
..\Drivers\dev_sensor.h(95): warning:  #1-D: last line of file ends without a newline
  #endif
..\Drivers\dev_hmc5883l.h(3): warning:  #1-D: last line of file ends without a newline
  #endif
..\Drivers\dev_ist8310.h(3): warning:  #1-D: last line of file ends without a newline
  #endif
..\Drivers\dev_ms5611.h(121): warning:  #1-D: last line of file ends without a newline
  #endif
..\Drivers\dev_lsm303d.h(178): warning:  #1-D: last line of file ends without a newline
  #endif
..\Drivers\dev_pwm.h(3): warning:  #1-D: last line of file ends without a newline
  #endif
..\Drivers\dev_gps.h(3): warning:  #1-D: last line of file ends without a newline
  #endif
..\Drivers\dev_fm25v01.h(3): warning:  #1-D: last line of file ends without a newline
  #endif
..\Drivers\dev_sbus.h(3): warning:  #1-D: last line of file ends without a newline
  #endif
..\Protocol\protocol.h(62): warning:  #1-D: last line of file ends without a newline
  #endif
board.cpp(47): warning:  #1-D: last line of file ends without a newline
  **********************************************************************************************************/
board.cpp: 27 warnings, 0 errors
linking...
Program Size: Code=2644 RO-data=504 RW-data=68 ZI-data=2892  
FromELF: creating hex file...
"..\Build\FlightControllerV1.0" - 0 Error(s), 54 Warning(s).

<h2>Collection of Component include folders:</h2>
  .\RTE\_Flight_Controller_V1.0
  C:\Keil_v5\ARM\PACK\Keil\STM32F4xx_DFP\2.6.0\Drivers\CMSIS\Device\ST\STM32F4xx\Include

<h2>Collection of Component Files used:</h2>
Build Time Elapsed:  00:00:04
</pre>
</body>
</html>
