Component: ARM Compiler 5.06 update 4 (build 422) Tool: armlink [4d35d2]

==============================================================================

Section Cross References

    arducopter.o(i.main) refers to board.o(i._ZN5BOARD10Board_InitEv) for BOARD::Board_Init()
    arducopter.o(i.main) refers to dev_const_led.o(i._ZN9CONST_LED6led_onEv) for CONST_LED::led_on()
    arducopter.o(i.main) refers to dev_soft_iic.o(i._ZN12DEV_SOFT_IIC16IIC2_Test_RGBledEv) for DEV_SOFT_IIC::IIC2_Test_RGBled()
    arducopter.o(i.main) refers to board.o(.data) for Board
    arducopter.o(i.main) refers to dev_const_led.o(.data) for Const_led
    arducopter.o(i.main) refers to dev_soft_iic.o(.data) for IIC2
    arducopter.o(.ARM.exidx) refers to arducopter.o(i.main) for i.main
    scheduler.o(i._ZN9SCHEDULER10Loop_checkEv) refers to scheduler.o(.bss) for LoopTime
    scheduler.o(i._ZN9SCHEDULER13Loop_ScheduleEv) refers to scheduler.o(i._ZN9SCHEDULER13Loop_Task_1msEv) for SCHEDULER::Loop_Task_1ms()
    scheduler.o(i._ZN9SCHEDULER13Loop_ScheduleEv) refers to scheduler.o(i._ZN9SCHEDULER13Loop_Task_2msEv) for SCHEDULER::Loop_Task_2ms()
    scheduler.o(i._ZN9SCHEDULER13Loop_ScheduleEv) refers to scheduler.o(i._ZN9SCHEDULER13Loop_Task_5msEv) for SCHEDULER::Loop_Task_5ms()
    scheduler.o(i._ZN9SCHEDULER13Loop_ScheduleEv) refers to scheduler.o(i._ZN9SCHEDULER14Loop_Task_10msEv) for SCHEDULER::Loop_Task_10ms()
    scheduler.o(i._ZN9SCHEDULER13Loop_ScheduleEv) refers to scheduler.o(i._ZN9SCHEDULER14Loop_Task_20msEv) for SCHEDULER::Loop_Task_20ms()
    scheduler.o(i._ZN9SCHEDULER13Loop_ScheduleEv) refers to scheduler.o(i._ZN9SCHEDULER14Loop_Task_25msEv) for SCHEDULER::Loop_Task_25ms()
    scheduler.o(i._ZN9SCHEDULER13Loop_ScheduleEv) refers to scheduler.o(i._ZN9SCHEDULER14Loop_Task_50msEv) for SCHEDULER::Loop_Task_50ms()
    scheduler.o(i._ZN9SCHEDULER13Loop_ScheduleEv) refers to scheduler.o(i._ZN9SCHEDULER14Loop_Task_80msEv) for SCHEDULER::Loop_Task_80ms()
    scheduler.o(i._ZN9SCHEDULER13Loop_ScheduleEv) refers to scheduler.o(i._ZN9SCHEDULER14Loop_Task_90msEv) for SCHEDULER::Loop_Task_90ms()
    scheduler.o(i._ZN9SCHEDULER13Loop_ScheduleEv) refers to scheduler.o(i._ZN9SCHEDULER15Loop_Task_100msEv) for SCHEDULER::Loop_Task_100ms()
    scheduler.o(i._ZN9SCHEDULER13Loop_ScheduleEv) refers to scheduler.o(.bss) for LoopTime
    scheduler.o(i._ZN9SCHEDULER23Loop_Task_Trigger_StartEv) refers to scheduler.o(i._ZN9SCHEDULER10Loop_checkEv) for SCHEDULER::Loop_check()
    scheduler.o(.ARM.exidx) refers to scheduler.o(i._ZN9SCHEDULER15Loop_Task_100msEv) for i._ZN9SCHEDULER15Loop_Task_100msEv
    scheduler.o(.ARM.exidx) refers to scheduler.o(i._ZN9SCHEDULER14Loop_Task_90msEv) for i._ZN9SCHEDULER14Loop_Task_90msEv
    scheduler.o(.ARM.exidx) refers to scheduler.o(i._ZN9SCHEDULER14Loop_Task_80msEv) for i._ZN9SCHEDULER14Loop_Task_80msEv
    scheduler.o(.ARM.exidx) refers to scheduler.o(i._ZN9SCHEDULER14Loop_Task_50msEv) for i._ZN9SCHEDULER14Loop_Task_50msEv
    scheduler.o(.ARM.exidx) refers to scheduler.o(i._ZN9SCHEDULER14Loop_Task_25msEv) for i._ZN9SCHEDULER14Loop_Task_25msEv
    scheduler.o(.ARM.exidx) refers to scheduler.o(i._ZN9SCHEDULER14Loop_Task_20msEv) for i._ZN9SCHEDULER14Loop_Task_20msEv
    scheduler.o(.ARM.exidx) refers to scheduler.o(i._ZN9SCHEDULER14Loop_Task_10msEv) for i._ZN9SCHEDULER14Loop_Task_10msEv
    scheduler.o(.ARM.exidx) refers to scheduler.o(i._ZN9SCHEDULER13Loop_Task_5msEv) for i._ZN9SCHEDULER13Loop_Task_5msEv
    scheduler.o(.ARM.exidx) refers to scheduler.o(i._ZN9SCHEDULER13Loop_Task_2msEv) for i._ZN9SCHEDULER13Loop_Task_2msEv
    scheduler.o(.ARM.exidx) refers to scheduler.o(i._ZN9SCHEDULER13Loop_Task_1msEv) for i._ZN9SCHEDULER13Loop_Task_1msEv
    scheduler.o(.ARM.exidx) refers to scheduler.o(i._ZN9SCHEDULER13Loop_ScheduleEv) for i._ZN9SCHEDULER13Loop_ScheduleEv
    scheduler.o(.ARM.exidx) refers to scheduler.o(i._ZN9SCHEDULER13Loop_Task_4msEv) for i._ZN9SCHEDULER13Loop_Task_4msEv
    scheduler.o(.ARM.exidx) refers to scheduler.o(i._ZN9SCHEDULER10Loop_checkEv) for i._ZN9SCHEDULER10Loop_checkEv
    scheduler.o(.ARM.exidx) refers to scheduler.o(i._ZN9SCHEDULER23Loop_Task_Trigger_StartEv) for i._ZN9SCHEDULER23Loop_Task_Trigger_StartEv
    system.o(i._ZN6SYSTEM11Get_Cycle_TEh) refers to system.o(i._ZN6SYSTEM13GetSysTime_usEv) for SYSTEM::GetSysTime_us()
    system.o(i._ZN6SYSTEM12SysTick_InitEv) refers to stm32f4xx_rcc.o(i.RCC_GetClocksFreq) for RCC_GetClocksFreq
    system.o(i._ZN6SYSTEM12SysTick_InitEv) refers to misc.o(i.SysTick_CLKSourceConfig) for SysTick_CLKSourceConfig
    system.o(i._ZN6SYSTEM15Cycle_Time_InitEv) refers to system.o(i._ZN6SYSTEM11Get_Cycle_TEh) for SYSTEM::Get_Cycle_T(unsigned char)
    system.o(i._ZN6SYSTEM8delay_msEj) refers to system.o(i._ZN6SYSTEM8delay_usEj) for SYSTEM::delay_us(unsigned)
    system.o(i._ZN6SYSTEM8delay_usEj) refers to system.o(i._ZN6SYSTEM13GetSysTime_usEv) for SYSTEM::GetSysTime_us()
[...]
    Removing stm32f4xx_tim.o(i.TIM_ForcedOC2Config), (26 bytes).
    Removing stm32f4xx_tim.o(i.TIM_ForcedOC3Config), (18 bytes).
    Removing stm32f4xx_tim.o(i.TIM_ForcedOC4Config), (26 bytes).
    Removing stm32f4xx_tim.o(i.TIM_GenerateEvent), (4 bytes).
    Removing stm32f4xx_tim.o(i.TIM_GetCapture1), (6 bytes).
    Removing stm32f4xx_tim.o(i.TIM_GetCapture2), (6 bytes).
    Removing stm32f4xx_tim.o(i.TIM_GetCapture3), (6 bytes).
    Removing stm32f4xx_tim.o(i.TIM_GetCapture4), (6 bytes).
    Removing stm32f4xx_tim.o(i.TIM_GetCounter), (6 bytes).
    Removing stm32f4xx_tim.o(i.TIM_GetFlagStatus), (18 bytes).
    Removing stm32f4xx_tim.o(i.TIM_GetITStatus), (34 bytes).
    Removing stm32f4xx_tim.o(i.TIM_GetPrescaler), (6 bytes).
    Removing stm32f4xx_tim.o(i.TIM_ICInit), (110 bytes).
    Removing stm32f4xx_tim.o(i.TIM_ICStructInit), (18 bytes).
    Removing stm32f4xx_tim.o(i.TIM_ITConfig), (18 bytes).
    Removing stm32f4xx_tim.o(i.TIM_ITRxExternalClockConfig), (24 bytes).
    Removing stm32f4xx_tim.o(i.TIM_InternalClockConfig), (12 bytes).
    Removing stm32f4xx_tim.o(i.TIM_OC1FastConfig), (18 bytes).
    Removing stm32f4xx_tim.o(i.TIM_OC1Init), (124 bytes).
    Removing stm32f4xx_tim.o(i.TIM_OC1NPolarityConfig), (18 bytes).
    Removing stm32f4xx_tim.o(i.TIM_OC1PolarityConfig), (18 bytes).
    Removing stm32f4xx_tim.o(i.TIM_OC1PreloadConfig), (18 bytes).
    Removing stm32f4xx_tim.o(i.TIM_OC2FastConfig), (26 bytes).
    Removing stm32f4xx_tim.o(i.TIM_OC2Init), (164 bytes).
    Removing stm32f4xx_tim.o(i.TIM_OC2NPolarityConfig), (26 bytes).
    Removing stm32f4xx_tim.o(i.TIM_OC2PolarityConfig), (26 bytes).
    Removing stm32f4xx_tim.o(i.TIM_OC2PreloadConfig), (26 bytes).
    Removing stm32f4xx_tim.o(i.TIM_OC3FastConfig), (18 bytes).
    Removing stm32f4xx_tim.o(i.TIM_OC3Init), (160 bytes).
    Removing stm32f4xx_tim.o(i.TIM_OC3NPolarityConfig), (26 bytes).
    Removing stm32f4xx_tim.o(i.TIM_OC3PolarityConfig), (26 bytes).
    Removing stm32f4xx_tim.o(i.TIM_OC3PreloadConfig), (18 bytes).
    Removing stm32f4xx_tim.o(i.TIM_OC4FastConfig), (26 bytes).
    Removing stm32f4xx_tim.o(i.TIM_OC4Init), (120 bytes).
    Removing stm32f4xx_tim.o(i.TIM_OC4PolarityConfig), (26 bytes).
    Removing stm32f4xx_tim.o(i.TIM_OC4PreloadConfig), (26 bytes).
    Removing stm32f4xx_tim.o(i.TIM_OCStructInit), (20 bytes).
    Removing stm32f4xx_tim.o(i.TIM_PWMIConfig), (124 bytes).
    Removing stm32f4xx_tim.o(i.TIM_PrescalerConfig), (6 bytes).
    Removing stm32f4xx_tim.o(i.TIM_RemapConfig), (6 bytes).
    Removing stm32f4xx_tim.o(i.TIM_SelectCCDMA), (24 bytes).
    Removing stm32f4xx_tim.o(i.TIM_SelectCOM), (24 bytes).
    Removing stm32f4xx_tim.o(i.TIM_SelectHallSensor), (24 bytes).
    Removing stm32f4xx_tim.o(i.TIM_SelectInputTrigger), (18 bytes).
    Removing stm32f4xx_tim.o(i.TIM_SelectMasterSlaveMode), (18 bytes).
    Removing stm32f4xx_tim.o(i.TIM_SelectOCxM), (86 bytes).
    Removing stm32f4xx_tim.o(i.TIM_SelectOnePulseMode), (18 bytes).
    Removing stm32f4xx_tim.o(i.TIM_SelectOutputTrigger), (18 bytes).
    Removing stm32f4xx_tim.o(i.TIM_SelectSlaveMode), (18 bytes).
    Removing stm32f4xx_tim.o(i.TIM_SetAutoreload), (4 bytes).
    Removing stm32f4xx_tim.o(i.TIM_SetClockDivision), (18 bytes).
    Removing stm32f4xx_tim.o(i.TIM_SetCompare1), (4 bytes).
    Removing stm32f4xx_tim.o(i.TIM_SetCompare2), (4 bytes).
    Removing stm32f4xx_tim.o(i.TIM_SetCompare3), (4 bytes).
    Removing stm32f4xx_tim.o(i.TIM_SetCompare4), (4 bytes).
    Removing stm32f4xx_tim.o(i.TIM_SetCounter), (4 bytes).
    Removing stm32f4xx_tim.o(i.TIM_SetIC1Prescaler), (18 bytes).
    Removing stm32f4xx_tim.o(i.TIM_SetIC2Prescaler), (26 bytes).
    Removing stm32f4xx_tim.o(i.TIM_SetIC3Prescaler), (18 bytes).
    Removing stm32f4xx_tim.o(i.TIM_SetIC4Prescaler), (26 bytes).
    Removing stm32f4xx_tim.o(i.TIM_TIxExternalClockConfig), (62 bytes).
    Removing stm32f4xx_tim.o(i.TIM_TimeBaseInit), (132 bytes).
    Removing stm32f4xx_tim.o(i.TIM_TimeBaseStructInit), (18 bytes).
    Removing stm32f4xx_tim.o(i.TIM_UpdateDisableConfig), (24 bytes).
    Removing stm32f4xx_tim.o(i.TIM_UpdateRequestConfig), (24 bytes).
    Removing stm32f4xx_tim.o(i._ZN37_INTERNAL_15_stm32f4xx_tim_c_c458916b10TI1_ConfigEP11TIM_TypeDefttt), (58 bytes).
    Removing stm32f4xx_tim.o(i._ZN37_INTERNAL_15_stm32f4xx_tim_c_c458916b10TI2_ConfigEP11TIM_TypeDefttt), (80 bytes).
    Removing stm32f4xx_tim.o(i._ZN37_INTERNAL_15_stm32f4xx_tim_c_c458916b10TI3_ConfigEP11TIM_TypeDefttt), (72 bytes).
    Removing stm32f4xx_tim.o(i._ZN37_INTERNAL_15_stm32f4xx_tim_c_c458916b10TI4_ConfigEP11TIM_TypeDefttt), (80 bytes).
    Removing stm32f4xx_tim.o(.ARM.exidx), (8 bytes).
    Removing stm32f4xx_tim.o(.ARM.exidx), (8 bytes).
    Removing stm32f4xx_tim.o(.ARM.exidx), (8 bytes).
    Removing stm32f4xx_tim.o(.ARM.exidx), (8 bytes).
    Removing stm32f4xx_tim.o(.ARM.exidx), (8 bytes).
    Removing stm32f4xx_tim.o(.ARM.exidx), (8 bytes).
    Removing stm32f4xx_tim.o(.ARM.exidx), (8 bytes).
    Removing stm32f4xx_tim.o(.ARM.exidx), (8 bytes).
    Removing stm32f4xx_tim.o(.ARM.exidx), (8 bytes).
    Removing stm32f4xx_tim.o(.ARM.exidx), (8 bytes).
    Removing stm32f4xx_tim.o(.ARM.exidx), (8 bytes).
    Removing stm32f4xx_tim.o(.ARM.exidx), (8 bytes).
    Removing stm32f4xx_tim.o(.ARM.exidx), (8 bytes).
    Removing stm32f4xx_tim.o(.ARM.exidx), (8 bytes).
    Removing stm32f4xx_tim.o(.ARM.exidx), (8 bytes).
    Removing stm32f4xx_tim.o(.ARM.exidx), (8 bytes).
    Removing stm32f4xx_tim.o(.ARM.exidx), (8 bytes).
    Removing stm32f4xx_tim.o(.ARM.exidx), (8 bytes).
    Removing stm32f4xx_tim.o(.ARM.exidx), (8 bytes).
    Removing stm32f4xx_tim.o(.ARM.exidx), (8 bytes).
    Removing stm32f4xx_tim.o(.ARM.exidx), (8 bytes).
    Removing stm32f4xx_tim.o(.ARM.exidx), (8 bytes).
    Removing stm32f4xx_tim.o(.ARM.exidx), (8 bytes).
    Removing stm32f4xx_tim.o(.ARM.exidx), (8 bytes).
    Removing stm32f4xx_tim.o(.ARM.exidx), (8 bytes).
    Removing stm32f4xx_tim.o(.ARM.exidx), (8 bytes).
    Removing stm32f4xx_tim.o(.ARM.exidx), (8 bytes).
    Removing stm32f4xx_tim.o(.ARM.exidx), (8 bytes).
    Removing stm32f4xx_tim.o(.ARM.exidx), (8 bytes).
    Removing stm32f4xx_tim.o(.ARM.exidx), (8 bytes).
    Removing stm32f4xx_tim.o(.ARM.exidx), (8 bytes).
    Removing stm32f4xx_tim.o(.ARM.exidx), (8 bytes).
    Removing stm32f4xx_tim.o(.ARM.exidx), (8 bytes).
    Removing stm32f4xx_tim.o(.ARM.exidx), (8 bytes).
    Removing stm32f4xx_tim.o(.ARM.exidx), (8 bytes).
    Removing stm32f4xx_tim.o(.ARM.exidx), (8 bytes).
    Removing stm32f4xx_tim.o(.ARM.exidx), (8 bytes).
    Removing stm32f4xx_tim.o(.ARM.exidx), (8 bytes).
    Removing stm32f4xx_tim.o(.ARM.exidx), (8 bytes).
    Removing stm32f4xx_tim.o(.ARM.exidx), (8 bytes).
    Removing stm32f4xx_tim.o(.ARM.exidx), (8 bytes).
    Removing stm32f4xx_tim.o(.ARM.exidx), (8 bytes).
    Removing stm32f4xx_tim.o(.ARM.exidx), (8 bytes).
    Removing stm32f4xx_tim.o(.ARM.exidx), (8 bytes).
    Removing stm32f4xx_tim.o(.ARM.exidx), (8 bytes).
    Removing stm32f4xx_tim.o(.ARM.exidx), (8 bytes).
    Removing stm32f4xx_tim.o(.ARM.exidx), (8 bytes).
    Removing stm32f4xx_tim.o(.ARM.exidx), (8 bytes).
    Removing stm32f4xx_tim.o(.ARM.exidx), (8 bytes).
    Removing stm32f4xx_tim.o(.ARM.exidx), (8 bytes).
    Removing stm32f4xx_tim.o(.ARM.exidx), (8 bytes).
    Removing stm32f4xx_tim.o(.ARM.exidx), (8 bytes).
    Removing stm32f4xx_tim.o(.ARM.exidx), (8 bytes).
    Removing stm32f4xx_tim.o(.ARM.exidx), (8 bytes).
    Removing stm32f4xx_tim.o(.ARM.exidx), (8 bytes).
    Removing stm32f4xx_tim.o(.ARM.exidx), (8 bytes).
    Removing stm32f4xx_tim.o(.ARM.exidx), (8 bytes).
    Removing stm32f4xx_tim.o(.ARM.exidx), (8 bytes).
    Removing stm32f4xx_tim.o(.ARM.exidx), (8 bytes).
    Removing stm32f4xx_tim.o(.ARM.exidx), (8 bytes).
    Removing stm32f4xx_tim.o(.ARM.exidx), (8 bytes).
    Removing stm32f4xx_tim.o(.ARM.exidx), (8 bytes).
    Removing stm32f4xx_tim.o(.ARM.exidx), (8 bytes).
    Removing stm32f4xx_tim.o(.ARM.exidx), (8 bytes).
    Removing stm32f4xx_tim.o(.ARM.exidx), (8 bytes).
    Removing stm32f4xx_tim.o(.ARM.exidx), (8 bytes).
    Removing stm32f4xx_tim.o(.ARM.exidx), (8 bytes).
    Removing stm32f4xx_tim.o(.ARM.exidx), (8 bytes).
    Removing stm32f4xx_tim.o(.ARM.exidx), (8 bytes).
    Removing stm32f4xx_tim.o(.ARM.exidx), (8 bytes).
    Removing stm32f4xx_tim.o(.ARM.exidx), (8 bytes).
    Removing stm32f4xx_tim.o(.ARM.exidx), (8 bytes).
    Removing stm32f4xx_tim.o(.ARM.exidx), (8 bytes).
    Removing stm32f4xx_tim.o(.ARM.exidx), (8 bytes).
    Removing stm32f4xx_tim.o(.ARM.exidx), (8 bytes).
    Removing stm32f4xx_tim.o(.ARM.exidx), (8 bytes).
    Removing stm32f4xx_tim.o(.ARM.exidx), (8 bytes).
    Removing stm32f4xx_tim.o(.ARM.exidx), (8 bytes).
    Removing stm32f4xx_tim.o(.ARM.exidx), (8 bytes).
    Removing stm32f4xx_tim.o(.ARM.exidx), (8 bytes).
    Removing stm32f4xx_tim.o(.ARM.exidx), (8 bytes).
    Removing stm32f4xx_tim.o(.ARM.exidx), (8 bytes).
    Removing stm32f4xx_tim.o(.ARM.exidx), (8 bytes).
    Removing stm32f4xx_tim.o(.ARM.exidx), (8 bytes).
    Removing stm32f4xx_tim.o(.ARM.exidx), (8 bytes).
    Removing stm32f4xx_tim.o(.ARM.exidx), (8 bytes).
    Removing stm32f4xx_tim.o(.ARM.exidx), (8 bytes).
    Removing stm32f4xx_tim.o(.ARM.exidx), (8 bytes).
    Removing stm32f4xx_tim.o(.ARM.exidx), (8 bytes).
    Removing stm32f4xx_tim.o(.ARM.exidx), (8 bytes).
    Removing stm32f4xx_tim.o(.ARM.exidx), (8 bytes).
    Removing stm32f4xx_tim.o(.ARM.exidx), (8 bytes).
    Removing stm32f4xx_usart.o(.rev16_text), (4 bytes).
    Removing stm32f4xx_usart.o(.revsh_text), (4 bytes).
    Removing stm32f4xx_usart.o(i.USART_ClearFlag), (18 bytes).
    Removing stm32f4xx_usart.o(i.USART_ClearITPendingBit), (30 bytes).
    Removing stm32f4xx_usart.o(i.USART_ClockInit), (32 bytes).
    Removing stm32f4xx_usart.o(i.USART_ClockStructInit), (12 bytes).
    Removing stm32f4xx_usart.o(i.USART_Cmd), (24 bytes).
    Removing stm32f4xx_usart.o(i.USART_DMACmd), (18 bytes).
    Removing stm32f4xx_usart.o(i.USART_DeInit), (240 bytes).
    Removing stm32f4xx_usart.o(i.USART_GetFlagStatus), (26 bytes).
    Removing stm32f4xx_usart.o(i.USART_GetITStatus), (84 bytes).
    Removing stm32f4xx_usart.o(i.USART_HalfDuplexCmd), (24 bytes).
    Removing stm32f4xx_usart.o(i.USART_ITConfig), (74 bytes).
    Removing stm32f4xx_usart.o(i.USART_Init), (212 bytes).
    Removing stm32f4xx_usart.o(i.USART_IrDACmd), (24 bytes).
    Removing stm32f4xx_usart.o(i.USART_IrDAConfig), (18 bytes).
    Removing stm32f4xx_usart.o(i.USART_LINBreakDetectLengthConfig), (18 bytes).
    Removing stm32f4xx_usart.o(i.USART_LINCmd), (24 bytes).
    Removing stm32f4xx_usart.o(i.USART_OneBitMethodCmd), (24 bytes).
    Removing stm32f4xx_usart.o(i.USART_OverSampling8Cmd), (22 bytes).
    Removing stm32f4xx_usart.o(i.USART_ReceiveData), (10 bytes).
    Removing stm32f4xx_usart.o(i.USART_ReceiverWakeUpCmd), (24 bytes).
    Removing stm32f4xx_usart.o(i.USART_SendBreak), (10 bytes).
    Removing stm32f4xx_usart.o(i.USART_SendData), (8 bytes).
    Removing stm32f4xx_usart.o(i.USART_SetAddress), (18 bytes).
    Removing stm32f4xx_usart.o(i.USART_SetGuardTime), (16 bytes).
    Removing stm32f4xx_usart.o(i.USART_SetPrescaler), (16 bytes).
    Removing stm32f4xx_usart.o(i.USART_SmartCardCmd), (24 bytes).
    Removing stm32f4xx_usart.o(i.USART_SmartCardNACKCmd), (24 bytes).
    Removing stm32f4xx_usart.o(i.USART_StructInit), (24 bytes).
    Removing stm32f4xx_usart.o(i.USART_WakeUpConfig), (18 bytes).
    Removing stm32f4xx_usart.o(.ARM.exidx), (8 bytes).
    Removing stm32f4xx_usart.o(.ARM.exidx), (8 bytes).
    Removing stm32f4xx_usart.o(.ARM.exidx), (8 bytes).
    Removing stm32f4xx_usart.o(.ARM.exidx), (8 bytes).
    Removing stm32f4xx_usart.o(.ARM.exidx), (8 bytes).
    Removing stm32f4xx_usart.o(.ARM.exidx), (8 bytes).
    Removing stm32f4xx_usart.o(.ARM.exidx), (8 bytes).
    Removing stm32f4xx_usart.o(.ARM.exidx), (8 bytes).
    Removing stm32f4xx_usart.o(.ARM.exidx), (8 bytes).
    Removing stm32f4xx_usart.o(.ARM.exidx), (8 bytes).
    Removing stm32f4xx_usart.o(.ARM.exidx), (8 bytes).
    Removing stm32f4xx_usart.o(.ARM.exidx), (8 bytes).
    Removing stm32f4xx_usart.o(.ARM.exidx), (8 bytes).
    Removing stm32f4xx_usart.o(.ARM.exidx), (8 bytes).
    Removing stm32f4xx_usart.o(.ARM.exidx), (8 bytes).
    Removing stm32f4xx_usart.o(.ARM.exidx), (8 bytes).
    Removing stm32f4xx_usart.o(.ARM.exidx), (8 bytes).
    Removing stm32f4xx_usart.o(.ARM.exidx), (8 bytes).
    Removing stm32f4xx_usart.o(.ARM.exidx), (8 bytes).
    Removing stm32f4xx_usart.o(.ARM.exidx), (8 bytes).
    Removing stm32f4xx_usart.o(.ARM.exidx), (8 bytes).
    Removing stm32f4xx_usart.o(.ARM.exidx), (8 bytes).
    Removing stm32f4xx_usart.o(.ARM.exidx), (8 bytes).
    Removing stm32f4xx_usart.o(.ARM.exidx), (8 bytes).
    Removing stm32f4xx_usart.o(.ARM.exidx), (8 bytes).
    Removing stm32f4xx_usart.o(.ARM.exidx), (8 bytes).
    Removing stm32f4xx_usart.o(.ARM.exidx), (8 bytes).
    Removing stm32f4xx_usart.o(.ARM.exidx), (8 bytes).
    Removing stm32f4xx_usart.o(.ARM.exidx), (8 bytes).
    Removing dev_rgbled.o(.constdata__ZTI10DEV_RGBLED), (12 bytes).
    Removing dev_rgbled.o(.constdata__ZTI7DEV_LED), (8 bytes).
    Removing dev_rgbled.o(.constdata__ZTS10DEV_RGBLED), (13 bytes).
    Removing dev_rgbled.o(.constdata__ZTS7DEV_LED), (9 bytes).
    Removing dev_const_led.o(.constdata__ZTI9CONST_LED), (12 bytes).
    Removing dev_const_led.o(.constdata__ZTS9CONST_LED), (11 bytes).

1177 unused section(s) (total 35292 bytes) removed from the image.

==============================================================================

Image Symbol Table

    Local Symbols

    Symbol Name                              Value     Ov Type        Size  Object(Section)

    ../../../edgfe/lib_src/arm_exceptions.c  0x00000000   Number         0  arm_exceptions_globs.o ABSOLUTE
    ../../../edgfe/lib_src/arm_exceptions.c  0x00000000   Number         0  arm_exceptions_callterm.o ABSOLUTE
    ../../../edgfe/lib_src/arm_exceptions.c  0x00000000   Number         0  arm_exceptions_mem.o ABSOLUTE
    ../../../edgfe/lib_src/arm_exceptions.c  0x00000000   Number         0  arm_exceptions_terminate.o ABSOLUTE
    ../../../edgfe/lib_src/arm_exceptions.c  0x00000000   Number         0  arm_exceptions_support.o ABSOLUTE
    ../../../edgfe/lib_src/arm_noexceptions.c 0x00000000   Number         0  arm_begincatch_noexceptions.o ABSOLUTE
    ../../../edgfe/lib_src/pure_virt.c       0x00000000   Number         0  pure_virt.o ABSOLUTE
    ../../../edgfe/lib_src/typeinfo.c        0x00000000   Number         0  lib_rtti_impl.o ABSOLUTE
    ../../../edgfe/lib_src/typeinfo.c        0x00000000   Number         0  type_info_dtor.o ABSOLUTE
    ../clib/angel/boardlib.s                 0x00000000   Number         0  boardinit3.o ABSOLUTE
    ../clib/angel/boardlib.s                 0x00000000   Number         0  boardinit2.o ABSOLUTE
    ../clib/angel/boardlib.s                 0x00000000   Number         0  boardinit1.o ABSOLUTE
    ../clib/angel/boardlib.s                 0x00000000   Number         0  boardshut.o ABSOLUTE
    ../clib/angel/handlers.s                 0x00000000   Number         0  __scatter_copy.o ABSOLUTE
    ../clib/angel/handlers.s                 0x00000000   Number         0  __scatter_zi.o ABSOLUTE
    ../clib/angel/kernel.s                   0x00000000   Number         0  __rtentry.o ABSOLUTE
    ../clib/angel/kernel.s                   0x00000000   Number         0  rtexit.o ABSOLUTE
    ../clib/angel/kernel.s                   0x00000000   Number         0  __rtentry4.o ABSOLUTE
    ../clib/angel/kernel.s                   0x00000000   Number         0  __rtentry2.o ABSOLUTE
    ../clib/angel/kernel.s                   0x00000000   Number         0  rtexit2.o ABSOLUTE
    ../clib/angel/rt.s                       0x00000000   Number         0  rt_errno_addr.o ABSOLUTE
    ../clib/angel/rt.s                       0x00000000   Number         0  rt_errno_addr_intlibspace.o ABSOLUTE
    ../clib/angel/rt.s                       0x00000000   Number         0  rt_eh_globals_addr.o ABSOLUTE
    ../clib/angel/rt.s                       0x00000000   Number         0  rt_heap_descriptor_intlibspace.o ABSOLUTE
    ../clib/angel/rt.s                       0x00000000   Number         0  rt_raise.o ABSOLUTE
    ../clib/angel/rt.s                       0x00000000   Number         0  rt_heap_descriptor.o ABSOLUTE
    ../clib/angel/rt.s                       0x00000000   Number         0  rt_eh_globals_addr_intlibspace.o ABSOLUTE
    ../clib/angel/scatter.s                  0x00000000   Number         0  __scatter.o ABSOLUTE
    ../clib/angel/startup.s                  0x00000000   Number         0  __main.o ABSOLUTE
    ../clib/angel/sys.s                      0x00000000   Number         0  use_no_semi.o ABSOLUTE
    ../clib/angel/sys.s                      0x00000000   Number         0  mutex_dummy.o ABSOLUTE
    ../clib/angel/sys.s                      0x00000000   Number         0  indicate_semi.o ABSOLUTE
    ../clib/angel/sys.s                      0x00000000   Number         0  sys_stackheap_outer.o ABSOLUTE
    ../clib/angel/sys.s                      0x00000000   Number         0  libspace.o ABSOLUTE
    ../clib/angel/sysapp.c                   0x00000000   Number         0  sys_command.o ABSOLUTE
    ../clib/angel/sysapp.c                   0x00000000   Number         0  sys_exit.o ABSOLUTE
    ../clib/angel/sysapp.c                   0x00000000   Number         0  sys_wrch.o ABSOLUTE
    ../clib/arm_runtime.c                    0x00000000   Number         0  init_aeabi.o ABSOLUTE
    ../clib/arm_runtime.c                    0x00000000   Number         0  init_aeabi.o ABSOLUTE
    ../clib/armsys.c                         0x00000000   Number         0  argv_veneer.o ABSOLUTE
    ../clib/armsys.c                         0x00000000   Number         0  argv_veneer.o ABSOLUTE
    ../clib/armsys.c                         0x00000000   Number         0  _get_argv_nomalloc.o ABSOLUTE
    ../clib/armsys.c                         0x00000000   Number         0  _get_argv.o ABSOLUTE
    ../clib/armsys.c                         0x00000000   Number         0  no_argv.o ABSOLUTE
    ../clib/fenv.c                           0x00000000   Number         0  _rserrno.o ABSOLUTE
    ../clib/heap1.c                          0x00000000   Number         0  h1_init.o ABSOLUTE
    ../clib/heap1.c                          0x00000000   Number         0  h1_extend_mt.o ABSOLUTE
    ../clib/heap1.c                          0x00000000   Number         0  h1_extend.o ABSOLUTE
    ../clib/heap1.c                          0x00000000   Number         0  h1_free_mt.o ABSOLUTE
    ../clib/heap1.c                          0x00000000   Number         0  h1_alloc_mt.o ABSOLUTE
    ../clib/heap1.c                          0x00000000   Number         0  h1_final_mt.o ABSOLUTE
    ../clib/heap1.c                          0x00000000   Number         0  h1_free.o ABSOLUTE
    ../clib/heap1.c                          0x00000000   Number         0  h1_final.o ABSOLUTE
    ../clib/heap1.c                          0x00000000   Number         0  h1_alloc.o ABSOLUTE
    ../clib/heap1.c                          0x00000000   Number         0  h1_init_mt.o ABSOLUTE
    ../clib/heap2.c                          0x00000000   Number         0  fdtree.o ABSOLUTE
    ../clib/heap2.c                          0x00000000   Number         0  heap2mt.o ABSOLUTE
    ../clib/heap2.c                          0x00000000   Number         0  heap2.o ABSOLUTE
    ../clib/heapalloc.c                      0x00000000   Number         0  init_alloc.o ABSOLUTE
    ../clib/heapalloc.c                      0x00000000   Number         0  hrguard.o ABSOLUTE
    ../clib/heapalloc.c                      0x00000000   Number         0  hguard.o ABSOLUTE
    ../clib/heapalloc.c                      0x00000000   Number         0  maybetermalloc2.o ABSOLUTE
    ../clib/heapalloc.c                      0x00000000   Number         0  malloc.o ABSOLUTE
    ../clib/heapalloc.c                      0x00000000   Number         0  maybetermalloc1.o ABSOLUTE
    ../clib/heapalloc.c                      0x00000000   Number         0  maybetermalloc1.o ABSOLUTE
    ../clib/heapalloc.c                      0x00000000   Number         0  heapstubs.o ABSOLUTE
    ../clib/heapalloc.c                      0x00000000   Number         0  maybetermalloc2.o ABSOLUTE
    ../clib/heapalloc.c                      0x00000000   Number         0  term_alloc.o ABSOLUTE
    ../clib/heapalloc.c                      0x00000000   Number         0  free.o ABSOLUTE
    ../clib/heapaux.c                        0x00000000   Number         0  heapauxi.o ABSOLUTE
    ../clib/heapaux.c                        0x00000000   Number         0  heapauxa.o ABSOLUTE
    ../clib/libinit.s                        0x00000000   Number         0  libinit.o ABSOLUTE
    ../clib/libinit.s                        0x00000000   Number         0  libinit2.o ABSOLUTE
    ../clib/libinit.s                        0x00000000   Number         0  libshutdown.o ABSOLUTE
    ../clib/libinit.s                        0x00000000   Number         0  libshutdown2.o ABSOLUTE
    ../clib/memcpset.s                       0x00000000   Number         0  rt_memcpy_w.o ABSOLUTE
    ../clib/signal.c                         0x00000000   Number         0  defsig_abrt_formal.o ABSOLUTE
    ../clib/signal.c                         0x00000000   Number         0  defsig_general.o ABSOLUTE
    ../clib/signal.c                         0x00000000   Number         0  __raise.o ABSOLUTE
    ../clib/signal.c                         0x00000000   Number         0  defsig_other.o ABSOLUTE
    ../clib/signal.c                         0x00000000   Number         0  defsig_pvfn_inner.o ABSOLUTE
    ../clib/signal.c                         0x00000000   Number         0  defsig_segv_inner.o ABSOLUTE
    ../clib/signal.c                         0x00000000   Number         0  defsig_rtmem_outer.o ABSOLUTE
    ../clib/signal.c                         0x00000000   Number         0  defsig_abrt_outer.o ABSOLUTE
    ../clib/signal.c                         0x00000000   Number         0  defsig_rtmem_formal.o ABSOLUTE
    ../clib/signal.c                         0x00000000   Number         0  defsig_pvfn_outer.o ABSOLUTE
    ../clib/signal.c                         0x00000000   Number         0  defsig_pvfn_formal.o ABSOLUTE
    ../clib/signal.c                         0x00000000   Number         0  defsig_fpe_inner.o ABSOLUTE
    ../clib/signal.c                         0x00000000   Number         0  defsig_exit.o ABSOLUTE
    ../clib/signal.c                         0x00000000   Number         0  defsig_abrt_inner.o ABSOLUTE
    ../clib/signal.c                         0x00000000   Number         0  defsig_rtred_inner.o ABSOLUTE
    ../clib/signal.c                         0x00000000   Number         0  defsig_rtmem_inner.o ABSOLUTE
    ../clib/signal.c                         0x00000000   Number         0  defsig_stak_inner.o ABSOLUTE
    ../clib/signal.c                         0x00000000   Number         0  defsig_cppl_inner.o ABSOLUTE
    ../clib/signal.s                         0x00000000   Number         0  defsig.o ABSOLUTE
    ../clib/stdlib.c                         0x00000000   Number         0  abort.o ABSOLUTE
    ../clib/stdlib.c                         0x00000000   Number         0  exit.o ABSOLUTE
    ../fplib/dcmpi.s                         0x00000000   Number         0  dcmpi.o ABSOLUTE
    ../fplib/dfltll.s                        0x00000000   Number         0  dfltll_clz.o ABSOLUTE
    ../fplib/dleqf.s                         0x00000000   Number         0  dleqf.o ABSOLUTE
    ../fplib/dnaninf.s                       0x00000000   Number         0  dnaninf.o ABSOLUTE
    ../fplib/drleqf.s                        0x00000000   Number         0  drleqf.o ABSOLUTE
    ../fplib/ffixull.s                       0x00000000   Number         0  ffixull.o ABSOLUTE
    ../fplib/ffltll.s                        0x00000000   Number         0  ffltll_clz.o ABSOLUTE
    ../fplib/fnaninf.s                       0x00000000   Number         0  fnaninf.o ABSOLUTE
    ../fplib/fpinit.s                        0x00000000   Number         0  fpinit.o ABSOLUTE
    ../fplib/istatus.s                       0x00000000   Number         0  istatus.o ABSOLUTE
    ../fplib/usenofp.s                       0x00000000   Number         0  usenofp.o ABSOLUTE
    ../mathlib/fpclassifyf.c                 0x00000000   Number         0  fpclassifyf.o ABSOLUTE
    ../mathlib/funder.c                      0x00000000   Number         0  funder.o ABSOLUTE
    ../mathlib/powf.c                        0x00000000   Number         0  powf_x.o ABSOLUTE
    ../mathlib/powf.c                        0x00000000   Number         0  powf.o ABSOLUTE
    ..\Application\adrc.cpp                  0x00000000   Number         0  adrc.o ABSOLUTE
    ..\Application\imu.cpp                   0x00000000   Number         0  imu.o ABSOLUTE
    ..\Application\pid.cpp                   0x00000000   Number         0  pid.o ABSOLUTE
    ..\Core\startup_stm32f427_437xx.s        0x00000000   Number         0  startup_stm32f427_437xx.o ABSOLUTE
    ..\Core\stm32f4xx_it.c                   0x00000000   Number         0  stm32f4xx_it.o ABSOLUTE
    ..\Core\system_stm32f4xx.c               0x00000000   Number         0  system_stm32f4xx.o ABSOLUTE
    ..\Drivers\dev_can.cpp                   0x00000000   Number         0  dev_can.o ABSOLUTE
    ..\Drivers\dev_const_led.cpp             0x00000000   Number         0  dev_const_led.o ABSOLUTE
    ..\Drivers\dev_fm25v01.cpp               0x00000000   Number         0  dev_fm25v01.o ABSOLUTE
    ..\Drivers\dev_gps.cpp                   0x00000000   Number         0  dev_gps.o ABSOLUTE
    ..\Drivers\dev_hard_iic.cpp              0x00000000   Number         0  dev_hard_iic.o ABSOLUTE
    ..\Drivers\dev_hmc5883l.cpp              0x00000000   Number         0  dev_hmc5883l.o ABSOLUTE
    ..\Drivers\dev_icm_20602.cpp             0x00000000   Number         0  dev_icm_20602.o ABSOLUTE
    ..\Drivers\dev_ist8310.cpp               0x00000000   Number         0  dev_ist8310.o ABSOLUTE
    ..\Drivers\dev_l3gd20.cpp                0x00000000   Number         0  dev_l3gd20.o ABSOLUTE
    ..\Drivers\dev_led.cpp                   0x00000000   Number         0  dev_led.o ABSOLUTE
    ..\Drivers\dev_lsm303d.cpp               0x00000000   Number         0  dev_lsm303d.o ABSOLUTE
    ..\Drivers\dev_motor.cpp                 0x00000000   Number         0  dev_motor.o ABSOLUTE
    ..\Drivers\dev_mpu6000.cpp               0x00000000   Number         0  dev_mpu6000.o ABSOLUTE
    ..\Drivers\dev_mpu6050.cpp               0x00000000   Number         0  dev_mpu6050.o ABSOLUTE
    ..\Drivers\dev_mpu6500.cpp               0x00000000   Number         0  dev_mpu6500.o ABSOLUTE
    ..\Drivers\dev_mpu9150.cpp               0x00000000   Number         0  dev_mpu9150.o ABSOLUTE
    ..\Drivers\dev_mpu9250.cpp               0x00000000   Number         0  dev_mpu9250.o ABSOLUTE
    ..\Drivers\dev_ms5611.cpp                0x00000000   Number         0  dev_ms5611.o ABSOLUTE
    ..\Drivers\dev_ppm.cpp                   0x00000000   Number         0  dev_ppm.o ABSOLUTE
    ..\Drivers\dev_pwm.cpp                   0x00000000   Number         0  dev_pwm.o ABSOLUTE
    ..\Drivers\dev_rgbled.cpp                0x00000000   Number         0  dev_rgbled.o ABSOLUTE
    ..\Drivers\dev_sbus.cpp                  0x00000000   Number         0  dev_sbus.o ABSOLUTE
    ..\Drivers\dev_sdcard.cpp                0x00000000   Number         0  dev_sdcard.o ABSOLUTE
    ..\Drivers\dev_sensor.cpp                0x00000000   Number         0  dev_sensor.o ABSOLUTE
    ..\Drivers\dev_soft_iic.cpp              0x00000000   Number         0  dev_soft_iic.o ABSOLUTE
    ..\Drivers\dev_spi.cpp                   0x00000000   Number         0  dev_spi.o ABSOLUTE
    ..\Drivers\dev_spl06.cpp                 0x00000000   Number         0  dev_spl06.o ABSOLUTE
    ..\Drivers\dev_uart.cpp                  0x00000000   Number         0  dev_uart.o ABSOLUTE
    ..\Drivers\dev_ws2812.cpp                0x00000000   Number         0  dev_ws2812.o ABSOLUTE
    ..\Libraries\STM32F4xx_StdPeriph_Driver\src\misc.c 0x00000000   Number         0  misc.o ABSOLUTE
    ..\Libraries\STM32F4xx_StdPeriph_Driver\src\stm32f4xx_adc.c 0x00000000   Number         0  stm32f4xx_adc.o ABSOLUTE
    ..\Libraries\STM32F4xx_StdPeriph_Driver\src\stm32f4xx_can.c 0x00000000   Number         0  stm32f4xx_can.o ABSOLUTE
    ..\Libraries\STM32F4xx_StdPeriph_Driver\src\stm32f4xx_dbgmcu.c 0x00000000   Number         0  stm32f4xx_dbgmcu.o ABSOLUTE
    ..\Libraries\STM32F4xx_StdPeriph_Driver\src\stm32f4xx_exti.c 0x00000000   Number         0  stm32f4xx_exti.o ABSOLUTE
    ..\Libraries\STM32F4xx_StdPeriph_Driver\src\stm32f4xx_flash.c 0x00000000   Number         0  stm32f4xx_flash.o ABSOLUTE
    ..\Libraries\STM32F4xx_StdPeriph_Driver\src\stm32f4xx_gpio.c 0x00000000   Number         0  stm32f4xx_gpio.o ABSOLUTE
    ..\Libraries\STM32F4xx_StdPeriph_Driver\src\stm32f4xx_i2c.c 0x00000000   Number         0  stm32f4xx_i2c.o ABSOLUTE
    ..\Libraries\STM32F4xx_StdPeriph_Driver\src\stm32f4xx_rcc.c 0x00000000   Number         0  stm32f4xx_rcc.o ABSOLUTE
    ..\Libraries\STM32F4xx_StdPeriph_Driver\src\stm32f4xx_sdio.c 0x00000000   Number         0  stm32f4xx_sdio.o ABSOLUTE
    ..\Libraries\STM32F4xx_StdPeriph_Driver\src\stm32f4xx_spi.c 0x00000000   Number         0  stm32f4xx_spi.o ABSOLUTE
    ..\Libraries\STM32F4xx_StdPeriph_Driver\src\stm32f4xx_tim.c 0x00000000   Number         0  stm32f4xx_tim.o ABSOLUTE
    ..\Libraries\STM32F4xx_StdPeriph_Driver\src\stm32f4xx_usart.c 0x00000000   Number         0  stm32f4xx_usart.o ABSOLUTE
    ..\Protocol\protocol.cpp                 0x00000000   Number         0  protocol.o ABSOLUTE
    ..\\Application\\adrc.cpp                0x00000000   Number         0  adrc.o ABSOLUTE
    ..\\Application\\imu.cpp                 0x00000000   Number         0  imu.o ABSOLUTE
    ..\\Application\\pid.cpp                 0x00000000   Number         0  pid.o ABSOLUTE
    ..\\Core\\stm32f4xx_it.c                 0x00000000   Number         0  stm32f4xx_it.o ABSOLUTE
    ..\\Core\\system_stm32f4xx.c             0x00000000   Number         0  system_stm32f4xx.o ABSOLUTE
    ..\\Drivers\\dev_can.cpp                 0x00000000   Number         0  dev_can.o ABSOLUTE
    ..\\Drivers\\dev_const_led.cpp           0x00000000   Number         0  dev_const_led.o ABSOLUTE
    ..\\Drivers\\dev_fm25v01.cpp             0x00000000   Number         0  dev_fm25v01.o ABSOLUTE
    ..\\Drivers\\dev_gps.cpp                 0x00000000   Number         0  dev_gps.o ABSOLUTE
    ..\\Drivers\\dev_hard_iic.cpp            0x00000000   Number         0  dev_hard_iic.o ABSOLUTE
    ..\\Drivers\\dev_hmc5883l.cpp            0x00000000   Number         0  dev_hmc5883l.o ABSOLUTE
    ..\\Drivers\\dev_icm_20602.cpp           0x00000000   Number         0  dev_icm_20602.o ABSOLUTE
    ..\\Drivers\\dev_ist8310.cpp             0x00000000   Number         0  dev_ist8310.o ABSOLUTE
    ..\\Drivers\\dev_l3gd20.cpp              0x00000000   Number         0  dev_l3gd20.o ABSOLUTE
    ..\\Drivers\\dev_led.cpp                 0x00000000   Number         0  dev_led.o ABSOLUTE
    ..\\Drivers\\dev_lsm303d.cpp             0x00000000   Number         0  dev_lsm303d.o ABSOLUTE
    ..\\Drivers\\dev_motor.cpp               0x00000000   Number         0  dev_motor.o ABSOLUTE
    ..\\Drivers\\dev_mpu6000.cpp             0x00000000   Number         0  dev_mpu6000.o ABSOLUTE
    ..\\Drivers\\dev_mpu6050.cpp             0x00000000   Number         0  dev_mpu6050.o ABSOLUTE
    ..\\Drivers\\dev_mpu6500.cpp             0x00000000   Number         0  dev_mpu6500.o ABSOLUTE
    ..\\Drivers\\dev_mpu9150.cpp             0x00000000   Number         0  dev_mpu9150.o ABSOLUTE
    ..\\Drivers\\dev_mpu9250.cpp             0x00000000   Number         0  dev_mpu9250.o ABSOLUTE
    ..\\Drivers\\dev_ms5611.cpp              0x00000000   Number         0  dev_ms5611.o ABSOLUTE
    ..\\Drivers\\dev_ppm.cpp                 0x00000000   Number         0  dev_ppm.o ABSOLUTE
    ..\\Drivers\\dev_pwm.cpp                 0x00000000   Number         0  dev_pwm.o ABSOLUTE
    ..\\Drivers\\dev_rgbled.cpp              0x00000000   Number         0  dev_rgbled.o ABSOLUTE
    ..\\Drivers\\dev_sbus.cpp                0x00000000   Number         0  dev_sbus.o ABSOLUTE
    ..\\Drivers\\dev_sdcard.cpp              0x00000000   Number         0  dev_sdcard.o ABSOLUTE
    ..\\Drivers\\dev_sensor.cpp              0x00000000   Number         0  dev_sensor.o ABSOLUTE
    ..\\Drivers\\dev_soft_iic.cpp            0x00000000   Number         0  dev_soft_iic.o ABSOLUTE
    ..\\Drivers\\dev_spi.cpp                 0x00000000   Number         0  dev_spi.o ABSOLUTE
    ..\\Drivers\\dev_spl06.cpp               0x00000000   Number         0  dev_spl06.o ABSOLUTE
    ..\\Drivers\\dev_uart.cpp                0x00000000   Number         0  dev_uart.o ABSOLUTE
    ..\\Drivers\\dev_ws2812.cpp              0x00000000   Number         0  dev_ws2812.o ABSOLUTE
    ..\\Libraries\\STM32F4xx_StdPeriph_Driver\\src\\misc.c 0x00000000   Number         0  misc.o ABSOLUTE
    ..\\Libraries\\STM32F4xx_StdPeriph_Driver\\src\\stm32f4xx_adc.c 0x00000000   Number         0  stm32f4xx_adc.o ABSOLUTE
    ..\\Libraries\\STM32F4xx_StdPeriph_Driver\\src\\stm32f4xx_can.c 0x00000000   Number         0  stm32f4xx_can.o ABSOLUTE
    ..\\Libraries\\STM32F4xx_StdPeriph_Driver\\src\\stm32f4xx_dbgmcu.c 0x00000000   Number         0  stm32f4xx_dbgmcu.o ABSOLUTE
    ..\\Libraries\\STM32F4xx_StdPeriph_Driver\\src\\stm32f4xx_exti.c 0x00000000   Number         0  stm32f4xx_exti.o ABSOLUTE
    ..\\Libraries\\STM32F4xx_StdPeriph_Driver\\src\\stm32f4xx_flash.c 0x00000000   Number         0  stm32f4xx_flash.o ABSOLUTE
    ..\\Libraries\\STM32F4xx_StdPeriph_Driver\\src\\stm32f4xx_gpio.c 0x00000000   Number         0  stm32f4xx_gpio.o ABSOLUTE
    ..\\Libraries\\STM32F4xx_StdPeriph_Driver\\src\\stm32f4xx_i2c.c 0x00000000   Number         0  stm32f4xx_i2c.o ABSOLUTE
    ..\\Libraries\\STM32F4xx_StdPeriph_Driver\\src\\stm32f4xx_rcc.c 0x00000000   Number         0  stm32f4xx_rcc.o ABSOLUTE
    ..\\Libraries\\STM32F4xx_StdPeriph_Driver\\src\\stm32f4xx_sdio.c 0x00000000   Number         0  stm32f4xx_sdio.o ABSOLUTE
    ..\\Libraries\\STM32F4xx_StdPeriph_Driver\\src\\stm32f4xx_spi.c 0x00000000   Number         0  stm32f4xx_spi.o ABSOLUTE
    ..\\Libraries\\STM32F4xx_StdPeriph_Driver\\src\\stm32f4xx_tim.c 0x00000000   Number         0  stm32f4xx_tim.o ABSOLUTE
    ..\\Libraries\\STM32F4xx_StdPeriph_Driver\\src\\stm32f4xx_usart.c 0x00000000   Number         0  stm32f4xx_usart.o ABSOLUTE
    ..\\Protocol\\protocol.cpp               0x00000000   Number         0  protocol.o ABSOLUTE
    arducopter.cpp                           0x00000000   Number         0  arducopter.o ABSOLUTE
    arducopter.cpp                           0x00000000   Number         0  arducopter.o ABSOLUTE
    board.cpp                                0x00000000   Number         0  board.o ABSOLUTE
    board.cpp                                0x00000000   Number         0  board.o ABSOLUTE
    copter.cpp                               0x00000000   Number         0  copter.o ABSOLUTE
    copter.cpp                               0x00000000   Number         0  copter.o ABSOLUTE
    dc.s                                     0x00000000   Number         0  dc.o ABSOLUTE
    scheduler.cpp                            0x00000000   Number         0  scheduler.o ABSOLUTE
    scheduler.cpp                            0x00000000   Number         0  scheduler.o ABSOLUTE
    system.cpp                               0x00000000   Number         0  system.o ABSOLUTE
    system.cpp                               0x00000000   Number         0  system.o ABSOLUTE
    RESET                                    0x08000000   Section      428  startup_stm32f427_437xx.o(RESET)
    !!!main                                  0x080001ac   Section        8  __main.o(!!!main)
    !!!scatter                               0x080001b4   Section       52  __scatter.o(!!!scatter)
    !!handler_copy                           0x080001e8   Section       26  __scatter_copy.o(!!handler_copy)
    !!handler_zi                             0x08000204   Section       28  __scatter_zi.o(!!handler_zi)
    .ARM.Collect$$libinit$$00000000          0x08000220   Section        2  libinit.o(.ARM.Collect$$libinit$$00000000)
    .ARM.Collect$$libinit$$00000001          0x08000222   Section        4  libinit2.o(.ARM.Collect$$libinit$$00000001)
    .ARM.Collect$$libinit$$00000004          0x08000226   Section        0  libinit2.o(.ARM.Collect$$libinit$$00000004)
    .ARM.Collect$$libinit$$0000000A          0x08000226   Section        0  libinit2.o(.ARM.Collect$$libinit$$0000000A)
    .ARM.Collect$$libinit$$0000000C          0x08000226   Section        0  libinit2.o(.ARM.Collect$$libinit$$0000000C)
    .ARM.Collect$$libinit$$0000000E          0x08000226   Section        0  libinit2.o(.ARM.Collect$$libinit$$0000000E)
    .ARM.Collect$$libinit$$00000011          0x08000226   Section        0  libinit2.o(.ARM.Collect$$libinit$$00000011)
    .ARM.Collect$$libinit$$00000013          0x08000226   Section        0  libinit2.o(.ARM.Collect$$libinit$$00000013)
    .ARM.Collect$$libinit$$00000015          0x08000226   Section        0  libinit2.o(.ARM.Collect$$libinit$$00000015)
    .ARM.Collect$$libinit$$00000017          0x08000226   Section        0  libinit2.o(.ARM.Collect$$libinit$$00000017)
    .ARM.Collect$$libinit$$00000019          0x08000226   Section        0  libinit2.o(.ARM.Collect$$libinit$$00000019)
    .ARM.Collect$$libinit$$0000001B          0x08000226   Section        0  libinit2.o(.ARM.Collect$$libinit$$0000001B)
    .ARM.Collect$$libinit$$0000001D          0x08000226   Section        0  libinit2.o(.ARM.Collect$$libinit$$0000001D)
    .ARM.Collect$$libinit$$0000001F          0x08000226   Section        0  libinit2.o(.ARM.Collect$$libinit$$0000001F)
    .ARM.Collect$$libinit$$00000021          0x08000226   Section        0  libinit2.o(.ARM.Collect$$libinit$$00000021)
    .ARM.Collect$$libinit$$00000023          0x08000226   Section        0  libinit2.o(.ARM.Collect$$libinit$$00000023)
    .ARM.Collect$$libinit$$00000025          0x08000226   Section        0  libinit2.o(.ARM.Collect$$libinit$$00000025)
    .ARM.Collect$$libinit$$0000002C          0x08000226   Section        0  libinit2.o(.ARM.Collect$$libinit$$0000002C)
    .ARM.Collect$$libinit$$0000002E          0x08000226   Section        0  libinit2.o(.ARM.Collect$$libinit$$0000002E)
    .ARM.Collect$$libinit$$00000030          0x08000226   Section        0  libinit2.o(.ARM.Collect$$libinit$$00000030)
    .ARM.Collect$$libinit$$00000031          0x08000226   Section        4  libinit2.o(.ARM.Collect$$libinit$$00000031)
    .ARM.Collect$$libinit$$00000032          0x0800022a   Section        0  libinit2.o(.ARM.Collect$$libinit$$00000032)
    .ARM.Collect$$libinit$$00000033          0x0800022a   Section        2  libinit2.o(.ARM.Collect$$libinit$$00000033)
    .ARM.Collect$$libshutdown$$00000000      0x0800022c   Section        2  libshutdown.o(.ARM.Collect$$libshutdown$$00000000)
    .ARM.Collect$$libshutdown$$00000002      0x0800022e   Section        0  libshutdown2.o(.ARM.Collect$$libshutdown$$00000002)
    .ARM.Collect$$libshutdown$$00000004      0x0800022e   Section        0  libshutdown2.o(.ARM.Collect$$libshutdown$$00000004)
    .ARM.Collect$$libshutdown$$00000007      0x0800022e   Section        0  libshutdown2.o(.ARM.Collect$$libshutdown$$00000007)
    .ARM.Collect$$libshutdown$$0000000A      0x0800022e   Section        0  libshutdown2.o(.ARM.Collect$$libshutdown$$0000000A)
    .ARM.Collect$$libshutdown$$0000000C      0x0800022e   Section        0  libshutdown2.o(.ARM.Collect$$libshutdown$$0000000C)
    .ARM.Collect$$libshutdown$$0000000F      0x0800022e   Section        0  libshutdown2.o(.ARM.Collect$$libshutdown$$0000000F)
    .ARM.Collect$$libshutdown$$00000010      0x0800022e   Section        2  libshutdown2.o(.ARM.Collect$$libshutdown$$00000010)
    .ARM.Collect$$rtentry$$00000000          0x08000230   Section        0  __rtentry.o(.ARM.Collect$$rtentry$$00000000)
    .ARM.Collect$$rtentry$$00000002          0x08000230   Section        0  __rtentry2.o(.ARM.Collect$$rtentry$$00000002)
    .ARM.Collect$$rtentry$$00000004          0x08000230   Section        6  __rtentry4.o(.ARM.Collect$$rtentry$$00000004)
    .ARM.Collect$$rtentry$$00000009          0x08000236   Section        0  __rtentry2.o(.ARM.Collect$$rtentry$$00000009)
    .ARM.Collect$$rtentry$$0000000A          0x08000236   Section        4  __rtentry2.o(.ARM.Collect$$rtentry$$0000000A)
    .ARM.Collect$$rtentry$$0000000C          0x0800023a   Section        0  __rtentry2.o(.ARM.Collect$$rtentry$$0000000C)
    .ARM.Collect$$rtentry$$0000000D          0x0800023a   Section        8  __rtentry2.o(.ARM.Collect$$rtentry$$0000000D)
    .ARM.Collect$$rtexit$$00000000           0x08000242   Section        2  rtexit.o(.ARM.Collect$$rtexit$$00000000)
    .ARM.Collect$$rtexit$$00000002           0x08000244   Section        0  rtexit2.o(.ARM.Collect$$rtexit$$00000002)
    .ARM.Collect$$rtexit$$00000003           0x08000244   Section        4  rtexit2.o(.ARM.Collect$$rtexit$$00000003)
    .ARM.Collect$$rtexit$$00000004           0x08000248   Section        6  rtexit2.o(.ARM.Collect$$rtexit$$00000004)
    .text                                    0x08000250   Section       64  startup_stm32f427_437xx.o(.text)
    $v0                                      0x08000250   Number         0  startup_stm32f427_437xx.o(.text)
    .text                                    0x08000290   Section        0  heapauxi.o(.text)
    .text                                    0x08000298   Section        0  init_aeabi.o(.text)
    .text                                    0x080002bc   Section        0  sys_exit.o(.text)
    .text                                    0x080002c8   Section        8  libspace.o(.text)
    .text                                    0x080002d0   Section       74  sys_stackheap_outer.o(.text)
    .text                                    0x0800031a   Section        0  exit.o(.text)
    .text                                    0x0800032c   Section        2  use_no_semi.o(.text)
    .text                                    0x0800032e   Section        0  indicate_semi.o(.text)
    i.BusFault_Handler                       0x0800032e   Section        0  stm32f4xx_it.o(i.BusFault_Handler)
    i.DebugMon_Handler                       0x08000332   Section        0  stm32f4xx_it.o(i.DebugMon_Handler)
    i.GPIO_Init                              0x08000334   Section        0  stm32f4xx_gpio.o(i.GPIO_Init)
    i.GPIO_ResetBits                         0x080003c4   Section        0  stm32f4xx_gpio.o(i.GPIO_ResetBits)
    i.GPIO_SetBits                           0x080003c8   Section        0  stm32f4xx_gpio.o(i.GPIO_SetBits)
    i.GPIO_StructInit                        0x080003cc   Section        0  stm32f4xx_gpio.o(i.GPIO_StructInit)
    i.HardFault_Handler                      0x080003de   Section        0  stm32f4xx_it.o(i.HardFault_Handler)
    i.MemManage_Handler                      0x080003e2   Section        0  stm32f4xx_it.o(i.MemManage_Handler)
    i.NMI_Handler                            0x080003e6   Section        0  stm32f4xx_it.o(i.NMI_Handler)
    i.NVIC_PriorityGroupConfig               0x080003e8   Section        0  misc.o(i.NVIC_PriorityGroupConfig)
    i.PendSV_Handler                         0x080003fc   Section        0  stm32f4xx_it.o(i.PendSV_Handler)
    i.RCC_AHB1PeriphClockCmd                 0x08000400   Section        0  stm32f4xx_rcc.o(i.RCC_AHB1PeriphClockCmd)
    i.RCC_GetClocksFreq                      0x08000420   Section        0  stm32f4xx_rcc.o(i.RCC_GetClocksFreq)
    i.SVC_Handler                            0x08000504   Section        0  stm32f4xx_it.o(i.SVC_Handler)
    i.SysTick_CLKSourceConfig                0x08000506   Section        0  misc.o(i.SysTick_CLKSourceConfig)
    i.SysTick_Handler                        0x08000530   Section        0  stm32f4xx_it.o(i.SysTick_Handler)
    i.SystemInit                             0x08000548   Section        0  system_stm32f4xx.o(i.SystemInit)
    i.UsageFault_Handler                     0x080005b0   Section        0  stm32f4xx_it.o(i.UsageFault_Handler)
    i._ZN12DEV_SOFT_IIC11I2C_WaitAckEv       0x080005b4   Section        0  dev_soft_iic.o(i._ZN12DEV_SOFT_IIC11I2C_WaitAckEv)
    i._ZN12DEV_SOFT_IIC12I2C_GpioInitEv      0x08000600   Section        0  dev_soft_iic.o(i._ZN12DEV_SOFT_IIC12I2C_GpioInitEv)
    i._ZN12DEV_SOFT_IIC12I2C_SendByteEh      0x08000638   Section        0  dev_soft_iic.o(i._ZN12DEV_SOFT_IIC12I2C_SendByteEh)
    i._ZN12DEV_SOFT_IIC16IIC2_Test_RGBledEv  0x0800069c   Section        0  dev_soft_iic.o(i._ZN12DEV_SOFT_IIC16IIC2_Test_RGBledEv)
    i._ZN12DEV_SOFT_IIC16IIC2_Write_nByteEhhPhh 0x08000718   Section        0  dev_soft_iic.o(i._ZN12DEV_SOFT_IIC16IIC2_Write_nByteEhhPhh)
    i._ZN12DEV_SOFT_IIC8I2C_StopEv           0x08000788   Section        0  dev_soft_iic.o(i._ZN12DEV_SOFT_IIC8I2C_StopEv)
    i._ZN12DEV_SOFT_IIC9I2C_DelayEv          0x080007b0   Section        0  dev_soft_iic.o(i._ZN12DEV_SOFT_IIC9I2C_DelayEv)
    i._ZN12DEV_SOFT_IIC9I2C_StartEv          0x080007c0   Section        0  dev_soft_iic.o(i._ZN12DEV_SOFT_IIC9I2C_StartEv)
    i._ZN40_INTERNAL_18_system_stm32f4xx_c_5d646a6711SetSysClockEv 0x080007fc   Section        0  system_stm32f4xx.o(i._ZN40_INTERNAL_18_system_stm32f4xx_c_5d646a6711SetSysClockEv)
    [local to system_stm32f4xx_c]::SetSysClock() 0x080007fd   Thumb Code   272  system_stm32f4xx.o(i._ZN40_INTERNAL_18_system_stm32f4xx_c_5d646a6711SetSysClockEv)
    i._ZN5BOARD10Board_InitEv                0x0800091c   Section        0  board.o(i._ZN5BOARD10Board_InitEv)
    i._ZN6SYSTEM12SysTick_InitEv             0x0800094c   Section        0  system.o(i._ZN6SYSTEM12SysTick_InitEv)
    i._ZN6SYSTEM13GetSysTime_usEv            0x080009bc   Section        0  system.o(i._ZN6SYSTEM13GetSysTime_usEv)
    i._ZN6SYSTEM15Systick_HandlerEv          0x080009ee   Section        0  system.o(i._ZN6SYSTEM15Systick_HandlerEv)
    i._ZN6SYSTEM8delay_msEj                  0x080009f6   Section        0  system.o(i._ZN6SYSTEM8delay_msEj)
    i._ZN6SYSTEM8delay_usEj                  0x08000a12   Section        0  system.o(i._ZN6SYSTEM8delay_usEj)
    i._ZN9CONST_LED4initEv                   0x08000a30   Section        0  dev_const_led.o(i._ZN9CONST_LED4initEv)
    i._ZN9CONST_LED6led_onEv                 0x08000aa4   Section        0  dev_const_led.o(i._ZN9CONST_LED6led_onEv)
    i._ZN9SCHEDULER10Loop_checkEv            0x08000ab8   Section        0  scheduler.o(i._ZN9SCHEDULER10Loop_checkEv)
    i._ZN9SCHEDULER23Loop_Task_Trigger_StartEv 0x08000b48   Section        0  scheduler.o(i._ZN9SCHEDULER23Loop_Task_Trigger_StartEv)
    i.__sti___14_dev_rgbled_cpp_Rgb_led      0x08000ba0   Section        0  dev_rgbled.o(i.__sti___14_dev_rgbled_cpp_Rgb_led)
    __sti___14_dev_rgbled_cpp_Rgb_led        0x08000ba1   Thumb Code    10  dev_rgbled.o(i.__sti___14_dev_rgbled_cpp_Rgb_led)
    i.__sti___17_dev_const_led_cpp_d24680b0  0x08000bb8   Section        0  dev_const_led.o(i.__sti___17_dev_const_led_cpp_d24680b0)
    __sti___17_dev_const_led_cpp_d24680b0    0x08000bb9   Thumb Code    10  dev_const_led.o(i.__sti___17_dev_const_led_cpp_d24680b0)
    i.main                                   0x08000bd0   Section        0  arducopter.o(i.main)
    x$fpl$fpinit                             0x08000bf4   Section       10  fpinit.o(x$fpl$fpinit)
    $v0                                      0x08000bf4   Number         0  fpinit.o(x$fpl$fpinit)
    .constdata__ZTV10DEV_RGBLED              0x08000c00   Section       12  dev_rgbled.o(.constdata__ZTV10DEV_RGBLED)
    .constdata__ZTV7DEV_LED                  0x08000c0c   Section       12  dev_rgbled.o(.constdata__ZTV7DEV_LED)
    .constdata__ZTV9CONST_LED                0x08000c18   Section       12  dev_const_led.o(.constdata__ZTV9CONST_LED)
    .init_array                              0x08000c44   Section        4  dev_rgbled.o(.init_array)
    .init_array                              0x08000c48   Section        4  dev_const_led.o(.init_array)
    .init_array                              0x08000c4c   Section        0  init_aeabi.o(.init_array)
    .data                                    0x20000000   Section        1  board.o(.data)
    .data                                    0x20000004   Section       37  dev_rgbled.o(.data)
    .data                                    0x2000002c   Section        4  dev_const_led.o(.data)
    .data                                    0x20000030   Section        1  dev_soft_iic.o(.data)
    .data                                    0x20000031   Section       16  stm32f4xx_rcc.o(.data)
    APBAHBPrescTable                         0x20000031   Data          16  stm32f4xx_rcc.o(.data)
    .bss                                     0x20000044   Section       48  scheduler.o(.bss)
    .bss                                     0x20000074   Section      184  system.o(.bss)
    .bss                                     0x2000012c   Section       96  libspace.o(.bss)
    HEAP                                     0x20000190   Section      512  startup_stm32f427_437xx.o(HEAP)
    Heap_Mem                                 0x20000190   Data         512  startup_stm32f427_437xx.o(HEAP)
    STACK                                    0x20000390   Section     2048  startup_stm32f427_437xx.o(STACK)
    Stack_Mem                                0x20000390   Data        2048  startup_stm32f427_437xx.o(STACK)
    __initial_sp                             0x20000b90   Data           0  startup_stm32f427_437xx.o(STACK)

    Global Symbols

    Symbol Name                              Value     Ov Type        Size  Object(Section)

    BuildAttributes$$THM_ISAv4$E$P$D$K$B$S$7EM$VFPi3$EXTD16$VFPS$VFMA$PE$A:L22UL41UL21$X:L11$S22US41US21$IEEE1$IW$USESV6$~STKCKD$USESV7$~SHL$OTIME$ROPI$IEEEX$EBA8$UX$STANDARDLIB$REQ8$PRES8$EABIv2 0x00000000   Number         0  anon$$obj.o ABSOLUTE
    __ARM_use_no_argv                        0x00000000   Number         0  arducopter.o ABSOLUTE
    __ARM::default_unexpected_handler()       - Undefined Weak Reference
    __ARM_exceptions_buffer_required          - Undefined Weak Reference
    __ARM_exceptions_init                     - Undefined Weak Reference
    __alloca_initialize                       - Undefined Weak Reference
    __arm_preinit_                            - Undefined Weak Reference
    __cxa_finalize                            - Undefined Weak Reference
    __rt_locale                               - Undefined Weak Reference
    __sigvec_lookup                           - Undefined Weak Reference
    __user_heap_extent                        - Undefined Weak Reference
    _atexit_init                              - Undefined Weak Reference
    _call_atexit_fns                          - Undefined Weak Reference
    _clock_init                               - Undefined Weak Reference
    _fp_trap_init                             - Undefined Weak Reference
    _fp_trap_shutdown                         - Undefined Weak Reference
    _get_lc_collate                           - Undefined Weak Reference
    _get_lc_ctype                             - Undefined Weak Reference
    _get_lc_monetary                          - Undefined Weak Reference
    _get_lc_numeric                           - Undefined Weak Reference
    _get_lc_time                              - Undefined Weak Reference
    _getenv_init                              - Undefined Weak Reference
    _handle_redirection                       - Undefined Weak Reference
    _initio                                   - Undefined Weak Reference
    _mutex_acquire                            - Undefined Weak Reference
    _mutex_free                               - Undefined Weak Reference
    _mutex_release                            - Undefined Weak Reference
    _rand_init                                - Undefined Weak Reference
    _signal_finish                            - Undefined Weak Reference
    _signal_init                              - Undefined Weak Reference
    _terminateio                              - Undefined Weak Reference
    __Vectors_Size                           0x000001ac   Number         0  startup_stm32f427_437xx.o ABSOLUTE
    __Vectors                                0x08000000   Data           4  startup_stm32f427_437xx.o(RESET)
    __Vectors_End                            0x080001ac   Data           0  startup_stm32f427_437xx.o(RESET)
    __main                                   0x080001ad   Thumb Code     8  __main.o(!!!main)
    __scatterload                            0x080001b5   Thumb Code     0  __scatter.o(!!!scatter)
    __scatterload_rt2                        0x080001b5   Thumb Code    44  __scatter.o(!!!scatter)
    __scatterload_rt2_thumb_only             0x080001b5   Thumb Code     0  __scatter.o(!!!scatter)
    __scatterload_null                       0x080001c3   Thumb Code     0  __scatter.o(!!!scatter)
    __scatterload_copy                       0x080001e9   Thumb Code    26  __scatter_copy.o(!!handler_copy)
    __scatterload_zeroinit                   0x08000205   Thumb Code    28  __scatter_zi.o(!!handler_zi)
    __rt_lib_init                            0x08000221   Thumb Code     0  libinit.o(.ARM.Collect$$libinit$$00000000)
    __rt_lib_init_fp_1                       0x08000223   Thumb Code     0  libinit2.o(.ARM.Collect$$libinit$$00000001)
    __rt_lib_init_alloca_1                   0x08000227   Thumb Code     0  libinit2.o(.ARM.Collect$$libinit$$0000002E)
    __rt_lib_init_argv_1                     0x08000227   Thumb Code     0  libinit2.o(.ARM.Collect$$libinit$$0000002C)
    __rt_lib_init_atexit_1                   0x08000227   Thumb Code     0  libinit2.o(.ARM.Collect$$libinit$$0000001B)
    __rt_lib_init_clock_1                    0x08000227   Thumb Code     0  libinit2.o(.ARM.Collect$$libinit$$00000021)
    __rt_lib_init_cpp_2                      0x08000227   Thumb Code     0  libinit2.o(.ARM.Collect$$libinit$$00000031)
    __rt_lib_init_exceptions_1               0x08000227   Thumb Code     0  libinit2.o(.ARM.Collect$$libinit$$00000030)
    __rt_lib_init_fp_trap_1                  0x08000227   Thumb Code     0  libinit2.o(.ARM.Collect$$libinit$$0000001F)
    __rt_lib_init_getenv_1                   0x08000227   Thumb Code     0  libinit2.o(.ARM.Collect$$libinit$$00000023)
    __rt_lib_init_heap_1                     0x08000227   Thumb Code     0  libinit2.o(.ARM.Collect$$libinit$$0000000A)
    __rt_lib_init_lc_collate_1               0x08000227   Thumb Code     0  libinit2.o(.ARM.Collect$$libinit$$00000011)
    __rt_lib_init_lc_ctype_1                 0x08000227   Thumb Code     0  libinit2.o(.ARM.Collect$$libinit$$00000013)
    __rt_lib_init_lc_monetary_1              0x08000227   Thumb Code     0  libinit2.o(.ARM.Collect$$libinit$$00000015)
    __rt_lib_init_lc_numeric_1               0x08000227   Thumb Code     0  libinit2.o(.ARM.Collect$$libinit$$00000017)
    __rt_lib_init_lc_time_1                  0x08000227   Thumb Code     0  libinit2.o(.ARM.Collect$$libinit$$00000019)
    __rt_lib_init_preinit_1                  0x08000227   Thumb Code     0  libinit2.o(.ARM.Collect$$libinit$$00000004)
    __rt_lib_init_rand_1                     0x08000227   Thumb Code     0  libinit2.o(.ARM.Collect$$libinit$$0000000E)
    __rt_lib_init_signal_1                   0x08000227   Thumb Code     0  libinit2.o(.ARM.Collect$$libinit$$0000001D)
    __rt_lib_init_stdio_1                    0x08000227   Thumb Code     0  libinit2.o(.ARM.Collect$$libinit$$00000025)
    __rt_lib_init_user_alloc_1               0x08000227   Thumb Code     0  libinit2.o(.ARM.Collect$$libinit$$0000000C)
    __rt_lib_init_cpp_1                      0x0800022b   Thumb Code     0  libinit2.o(.ARM.Collect$$libinit$$00000032)
    __rt_lib_init_return                     0x0800022b   Thumb Code     0  libinit2.o(.ARM.Collect$$libinit$$00000033)
    __rt_lib_shutdown                        0x0800022d   Thumb Code     0  libshutdown.o(.ARM.Collect$$libshutdown$$00000000)
    __rt_lib_shutdown_cpp_1                  0x0800022f   Thumb Code     0  libshutdown2.o(.ARM.Collect$$libshutdown$$00000002)
    __rt_lib_shutdown_fp_trap_1              0x0800022f   Thumb Code     0  libshutdown2.o(.ARM.Collect$$libshutdown$$00000007)
    __rt_lib_shutdown_heap_1                 0x0800022f   Thumb Code     0  libshutdown2.o(.ARM.Collect$$libshutdown$$0000000F)
    __rt_lib_shutdown_return                 0x0800022f   Thumb Code     0  libshutdown2.o(.ARM.Collect$$libshutdown$$00000010)
    __rt_lib_shutdown_signal_1               0x0800022f   Thumb Code     0  libshutdown2.o(.ARM.Collect$$libshutdown$$0000000A)
    __rt_lib_shutdown_stdio_1                0x0800022f   Thumb Code     0  libshutdown2.o(.ARM.Collect$$libshutdown$$00000004)
    __rt_lib_shutdown_user_alloc_1           0x0800022f   Thumb Code     0  libshutdown2.o(.ARM.Collect$$libshutdown$$0000000C)
    __rt_entry                               0x08000231   Thumb Code     0  __rtentry.o(.ARM.Collect$$rtentry$$00000000)
    __rt_entry_presh_1                       0x08000231   Thumb Code     0  __rtentry2.o(.ARM.Collect$$rtentry$$00000002)
    __rt_entry_sh                            0x08000231   Thumb Code     0  __rtentry4.o(.ARM.Collect$$rtentry$$00000004)
    __rt_entry_li                            0x08000237   Thumb Code     0  __rtentry2.o(.ARM.Collect$$rtentry$$0000000A)
    __rt_entry_postsh_1                      0x08000237   Thumb Code     0  __rtentry2.o(.ARM.Collect$$rtentry$$00000009)
    __rt_entry_main                          0x0800023b   Thumb Code     0  __rtentry2.o(.ARM.Collect$$rtentry$$0000000D)
    __rt_entry_postli_1                      0x0800023b   Thumb Code     0  __rtentry2.o(.ARM.Collect$$rtentry$$0000000C)
    __rt_exit                                0x08000243   Thumb Code     0  rtexit.o(.ARM.Collect$$rtexit$$00000000)
    __rt_exit_ls                             0x08000245   Thumb Code     0  rtexit2.o(.ARM.Collect$$rtexit$$00000003)
    __rt_exit_prels_1                        0x08000245   Thumb Code     0  rtexit2.o(.ARM.Collect$$rtexit$$00000002)
    __rt_exit_exit                           0x08000249   Thumb Code     0  rtexit2.o(.ARM.Collect$$rtexit$$00000004)
    Reset_Handler                            0x08000251   Thumb Code     8  startup_stm32f427_437xx.o(.text)
    ADC_IRQHandler                           0x0800026b   Thumb Code     0  startup_stm32f427_437xx.o(.text)
    CAN1_RX0_IRQHandler                      0x0800026b   Thumb Code     0  startup_stm32f427_437xx.o(.text)
    CAN1_RX1_IRQHandler                      0x0800026b   Thumb Code     0  startup_stm32f427_437xx.o(.text)
    CAN1_SCE_IRQHandler                      0x0800026b   Thumb Code     0  startup_stm32f427_437xx.o(.text)
    CAN1_TX_IRQHandler                       0x0800026b   Thumb Code     0  startup_stm32f427_437xx.o(.text)
    CAN2_RX0_IRQHandler                      0x0800026b   Thumb Code     0  startup_stm32f427_437xx.o(.text)
    CAN2_RX1_IRQHandler                      0x0800026b   Thumb Code     0  startup_stm32f427_437xx.o(.text)
    CAN2_SCE_IRQHandler                      0x0800026b   Thumb Code     0  startup_stm32f427_437xx.o(.text)
    CAN2_TX_IRQHandler                       0x0800026b   Thumb Code     0  startup_stm32f427_437xx.o(.text)
    CRYP_IRQHandler                          0x0800026b   Thumb Code     0  startup_stm32f427_437xx.o(.text)
    DCMI_IRQHandler                          0x0800026b   Thumb Code     0  startup_stm32f427_437xx.o(.text)
    DMA1_Stream0_IRQHandler                  0x0800026b   Thumb Code     0  startup_stm32f427_437xx.o(.text)
    DMA1_Stream1_IRQHandler                  0x0800026b   Thumb Code     0  startup_stm32f427_437xx.o(.text)
    DMA1_Stream2_IRQHandler                  0x0800026b   Thumb Code     0  startup_stm32f427_437xx.o(.text)
    DMA1_Stream3_IRQHandler                  0x0800026b   Thumb Code     0  startup_stm32f427_437xx.o(.text)
    DMA1_Stream4_IRQHandler                  0x0800026b   Thumb Code     0  startup_stm32f427_437xx.o(.text)
    DMA1_Stream5_IRQHandler                  0x0800026b   Thumb Code     0  startup_stm32f427_437xx.o(.text)
    DMA1_Stream6_IRQHandler                  0x0800026b   Thumb Code     0  startup_stm32f427_437xx.o(.text)
    DMA1_Stream7_IRQHandler                  0x0800026b   Thumb Code     0  startup_stm32f427_437xx.o(.text)
    DMA2D_IRQHandler                         0x0800026b   Thumb Code     0  startup_stm32f427_437xx.o(.text)
    DMA2_Stream0_IRQHandler                  0x0800026b   Thumb Code     0  startup_stm32f427_437xx.o(.text)
    DMA2_Stream1_IRQHandler                  0x0800026b   Thumb Code     0  startup_stm32f427_437xx.o(.text)
    DMA2_Stream2_IRQHandler                  0x0800026b   Thumb Code     0  startup_stm32f427_437xx.o(.text)
    DMA2_Stream3_IRQHandler                  0x0800026b   Thumb Code     0  startup_stm32f427_437xx.o(.text)
    DMA2_Stream4_IRQHandler                  0x0800026b   Thumb Code     0  startup_stm32f427_437xx.o(.text)
    DMA2_Stream5_IRQHandler                  0x0800026b   Thumb Code     0  startup_stm32f427_437xx.o(.text)
    DMA2_Stream6_IRQHandler                  0x0800026b   Thumb Code     0  startup_stm32f427_437xx.o(.text)
    DMA2_Stream7_IRQHandler                  0x0800026b   Thumb Code     0  startup_stm32f427_437xx.o(.text)
    ETH_IRQHandler                           0x0800026b   Thumb Code     0  startup_stm32f427_437xx.o(.text)
    ETH_WKUP_IRQHandler                      0x0800026b   Thumb Code     0  startup_stm32f427_437xx.o(.text)
    EXTI0_IRQHandler                         0x0800026b   Thumb Code     0  startup_stm32f427_437xx.o(.text)
    EXTI15_10_IRQHandler                     0x0800026b   Thumb Code     0  startup_stm32f427_437xx.o(.text)
    EXTI1_IRQHandler                         0x0800026b   Thumb Code     0  startup_stm32f427_437xx.o(.text)
    EXTI2_IRQHandler                         0x0800026b   Thumb Code     0  startup_stm32f427_437xx.o(.text)
    EXTI3_IRQHandler                         0x0800026b   Thumb Code     0  startup_stm32f427_437xx.o(.text)
    EXTI4_IRQHandler                         0x0800026b   Thumb Code     0  startup_stm32f427_437xx.o(.text)
    EXTI9_5_IRQHandler                       0x0800026b   Thumb Code     0  startup_stm32f427_437xx.o(.text)
    FLASH_IRQHandler                         0x0800026b   Thumb Code     0  startup_stm32f427_437xx.o(.text)
    FMC_IRQHandler                           0x0800026b   Thumb Code     0  startup_stm32f427_437xx.o(.text)
    FPU_IRQHandler                           0x0800026b   Thumb Code     0  startup_stm32f427_437xx.o(.text)
    HASH_RNG_IRQHandler                      0x0800026b   Thumb Code     0  startup_stm32f427_437xx.o(.text)
    I2C1_ER_IRQHandler                       0x0800026b   Thumb Code     0  startup_stm32f427_437xx.o(.text)
    I2C1_EV_IRQHandler                       0x0800026b   Thumb Code     0  startup_stm32f427_437xx.o(.text)
    I2C2_ER_IRQHandler                       0x0800026b   Thumb Code     0  startup_stm32f427_437xx.o(.text)
    I2C2_EV_IRQHandler                       0x0800026b   Thumb Code     0  startup_stm32f427_437xx.o(.text)
    I2C3_ER_IRQHandler                       0x0800026b   Thumb Code     0  startup_stm32f427_437xx.o(.text)
    I2C3_EV_IRQHandler                       0x0800026b   Thumb Code     0  startup_stm32f427_437xx.o(.text)
    OTG_FS_IRQHandler                        0x0800026b   Thumb Code     0  startup_stm32f427_437xx.o(.text)
    OTG_FS_WKUP_IRQHandler                   0x0800026b   Thumb Code     0  startup_stm32f427_437xx.o(.text)
    OTG_HS_EP1_IN_IRQHandler                 0x0800026b   Thumb Code     0  startup_stm32f427_437xx.o(.text)
    OTG_HS_EP1_OUT_IRQHandler                0x0800026b   Thumb Code     0  startup_stm32f427_437xx.o(.text)
    OTG_HS_IRQHandler                        0x0800026b   Thumb Code     0  startup_stm32f427_437xx.o(.text)
    OTG_HS_WKUP_IRQHandler                   0x0800026b   Thumb Code     0  startup_stm32f427_437xx.o(.text)
    PVD_IRQHandler                           0x0800026b   Thumb Code     0  startup_stm32f427_437xx.o(.text)
    RCC_IRQHandler                           0x0800026b   Thumb Code     0  startup_stm32f427_437xx.o(.text)
    RTC_Alarm_IRQHandler                     0x0800026b   Thumb Code     0  startup_stm32f427_437xx.o(.text)
    RTC_WKUP_IRQHandler                      0x0800026b   Thumb Code     0  startup_stm32f427_437xx.o(.text)
    SAI1_IRQHandler                          0x0800026b   Thumb Code     0  startup_stm32f427_437xx.o(.text)
    SDIO_IRQHandler                          0x0800026b   Thumb Code     0  startup_stm32f427_437xx.o(.text)
    SPI1_IRQHandler                          0x0800026b   Thumb Code     0  startup_stm32f427_437xx.o(.text)
    SPI2_IRQHandler                          0x0800026b   Thumb Code     0  startup_stm32f427_437xx.o(.text)
    SPI3_IRQHandler                          0x0800026b   Thumb Code     0  startup_stm32f427_437xx.o(.text)
    SPI4_IRQHandler                          0x0800026b   Thumb Code     0  startup_stm32f427_437xx.o(.text)
    SPI5_IRQHandler                          0x0800026b   Thumb Code     0  startup_stm32f427_437xx.o(.text)
    SPI6_IRQHandler                          0x0800026b   Thumb Code     0  startup_stm32f427_437xx.o(.text)
    TAMP_STAMP_IRQHandler                    0x0800026b   Thumb Code     0  startup_stm32f427_437xx.o(.text)
    TIM1_BRK_TIM9_IRQHandler                 0x0800026b   Thumb Code     0  startup_stm32f427_437xx.o(.text)
    TIM1_CC_IRQHandler                       0x0800026b   Thumb Code     0  startup_stm32f427_437xx.o(.text)
    TIM1_TRG_COM_TIM11_IRQHandler            0x0800026b   Thumb Code     0  startup_stm32f427_437xx.o(.text)
    TIM1_UP_TIM10_IRQHandler                 0x0800026b   Thumb Code     0  startup_stm32f427_437xx.o(.text)
    TIM2_IRQHandler                          0x0800026b   Thumb Code     0  startup_stm32f427_437xx.o(.text)
    TIM3_IRQHandler                          0x0800026b   Thumb Code     0  startup_stm32f427_437xx.o(.text)
    TIM4_IRQHandler                          0x0800026b   Thumb Code     0  startup_stm32f427_437xx.o(.text)
    TIM5_IRQHandler                          0x0800026b   Thumb Code     0  startup_stm32f427_437xx.o(.text)
    TIM6_DAC_IRQHandler                      0x0800026b   Thumb Code     0  startup_stm32f427_437xx.o(.text)
    TIM7_IRQHandler                          0x0800026b   Thumb Code     0  startup_stm32f427_437xx.o(.text)
    TIM8_BRK_TIM12_IRQHandler                0x0800026b   Thumb Code     0  startup_stm32f427_437xx.o(.text)
    TIM8_CC_IRQHandler                       0x0800026b   Thumb Code     0  startup_stm32f427_437xx.o(.text)
    TIM8_TRG_COM_TIM14_IRQHandler            0x0800026b   Thumb Code     0  startup_stm32f427_437xx.o(.text)
    TIM8_UP_TIM13_IRQHandler                 0x0800026b   Thumb Code     0  startup_stm32f427_437xx.o(.text)
    UART4_IRQHandler                         0x0800026b   Thumb Code     0  startup_stm32f427_437xx.o(.text)
    UART5_IRQHandler                         0x0800026b   Thumb Code     0  startup_stm32f427_437xx.o(.text)
    UART7_IRQHandler                         0x0800026b   Thumb Code     0  startup_stm32f427_437xx.o(.text)
    UART8_IRQHandler                         0x0800026b   Thumb Code     0  startup_stm32f427_437xx.o(.text)
    USART1_IRQHandler                        0x0800026b   Thumb Code     0  startup_stm32f427_437xx.o(.text)
    USART2_IRQHandler                        0x0800026b   Thumb Code     0  startup_stm32f427_437xx.o(.text)
    USART3_IRQHandler                        0x0800026b   Thumb Code     0  startup_stm32f427_437xx.o(.text)
    USART6_IRQHandler                        0x0800026b   Thumb Code     0  startup_stm32f427_437xx.o(.text)
    WWDG_IRQHandler                          0x0800026b   Thumb Code     0  startup_stm32f427_437xx.o(.text)
    __user_initial_stackheap                 0x0800026d   Thumb Code     0  startup_stm32f427_437xx.o(.text)
    __use_two_region_memory                  0x08000291   Thumb Code     2  heapauxi.o(.text)
    __rt_heap_escrow                         0x08000293   Thumb Code     2  heapauxi.o(.text)
    __rt_heap_expand                         0x08000295   Thumb Code     2  heapauxi.o(.text)
    __cpp_initialize__aeabi_                 0x08000299   Thumb Code    26  init_aeabi.o(.text)
    _sys_exit                                0x080002bd   Thumb Code     8  sys_exit.o(.text)
    __user_libspace                          0x080002c9   Thumb Code     8  libspace.o(.text)
    __user_perproc_libspace                  0x080002c9   Thumb Code     0  libspace.o(.text)
    __user_perthread_libspace                0x080002c9   Thumb Code     0  libspace.o(.text)
    __user_setup_stackheap                   0x080002d1   Thumb Code    74  sys_stackheap_outer.o(.text)
    exit                                     0x0800031b   Thumb Code    18  exit.o(.text)
    __I$use$semihosting                      0x0800032d   Thumb Code     0  use_no_semi.o(.text)
    __use_no_semihosting_swi                 0x0800032d   Thumb Code     2  use_no_semi.o(.text)
    BusFault_Handler                         0x0800032f   Thumb Code     4  stm32f4xx_it.o(i.BusFault_Handler)
    __semihosting_library_function           0x0800032f   Thumb Code     0  indicate_semi.o(.text)
    DebugMon_Handler                         0x08000333   Thumb Code     2  stm32f4xx_it.o(i.DebugMon_Handler)
    GPIO_Init                                0x08000335   Thumb Code   144  stm32f4xx_gpio.o(i.GPIO_Init)
    GPIO_ResetBits                           0x080003c5   Thumb Code     4  stm32f4xx_gpio.o(i.GPIO_ResetBits)
    GPIO_SetBits                             0x080003c9   Thumb Code     4  stm32f4xx_gpio.o(i.GPIO_SetBits)
    GPIO_StructInit                          0x080003cd   Thumb Code    18  stm32f4xx_gpio.o(i.GPIO_StructInit)
    HardFault_Handler                        0x080003df   Thumb Code     4  stm32f4xx_it.o(i.HardFault_Handler)
    MemManage_Handler                        0x080003e3   Thumb Code     4  stm32f4xx_it.o(i.MemManage_Handler)
    NMI_Handler                              0x080003e7   Thumb Code     2  stm32f4xx_it.o(i.NMI_Handler)
    NVIC_PriorityGroupConfig                 0x080003e9   Thumb Code    10  misc.o(i.NVIC_PriorityGroupConfig)
    PendSV_Handler                           0x080003fd   Thumb Code     2  stm32f4xx_it.o(i.PendSV_Handler)
    RCC_AHB1PeriphClockCmd                   0x08000401   Thumb Code    26  stm32f4xx_rcc.o(i.RCC_AHB1PeriphClockCmd)
    RCC_GetClocksFreq                        0x08000421   Thumb Code   214  stm32f4xx_rcc.o(i.RCC_GetClocksFreq)
    SVC_Handler                              0x08000505   Thumb Code     2  stm32f4xx_it.o(i.SVC_Handler)
    SysTick_CLKSourceConfig                  0x08000507   Thumb Code    40  misc.o(i.SysTick_CLKSourceConfig)
    SysTick_Handler                          0x08000531   Thumb Code    16  stm32f4xx_it.o(i.SysTick_Handler)
    SystemInit                               0x08000549   Thumb Code    88  system_stm32f4xx.o(i.SystemInit)
    UsageFault_Handler                       0x080005b1   Thumb Code     4  stm32f4xx_it.o(i.UsageFault_Handler)
    DEV_SOFT_IIC::I2C_WaitAck()              0x080005b5   Thumb Code    70  dev_soft_iic.o(i._ZN12DEV_SOFT_IIC11I2C_WaitAckEv)
    DEV_SOFT_IIC::I2C_GpioInit()             0x08000601   Thumb Code    52  dev_soft_iic.o(i._ZN12DEV_SOFT_IIC12I2C_GpioInitEv)
    DEV_SOFT_IIC::I2C_SendByte(unsigned char) 0x08000639   Thumb Code    96  dev_soft_iic.o(i._ZN12DEV_SOFT_IIC12I2C_SendByteEh)
    DEV_SOFT_IIC::IIC2_Test_RGBled()         0x0800069d   Thumb Code   116  dev_soft_iic.o(i._ZN12DEV_SOFT_IIC16IIC2_Test_RGBledEv)
    DEV_SOFT_IIC::IIC2_Write_nByte(unsigned char, unsigned char, unsigned char*, unsigned char) 0x08000719   Thumb Code   112  dev_soft_iic.o(i._ZN12DEV_SOFT_IIC16IIC2_Write_nByteEhhPhh)
    DEV_SOFT_IIC::I2C_Stop()                 0x08000789   Thumb Code    36  dev_soft_iic.o(i._ZN12DEV_SOFT_IIC8I2C_StopEv)
    DEV_SOFT_IIC::I2C_Delay()                0x080007b1   Thumb Code    16  dev_soft_iic.o(i._ZN12DEV_SOFT_IIC9I2C_DelayEv)
    DEV_SOFT_IIC::I2C_Start()                0x080007c1   Thumb Code    56  dev_soft_iic.o(i._ZN12DEV_SOFT_IIC9I2C_StartEv)
    BOARD::Board_Init()                      0x0800091d   Thumb Code    36  board.o(i._ZN5BOARD10Board_InitEv)
    SYSTEM::SysTick_Init()                   0x0800094d   Thumb Code   104  system.o(i._ZN6SYSTEM12SysTick_InitEv)
    SYSTEM::GetSysTime_us()                  0x080009bd   Thumb Code    50  system.o(i._ZN6SYSTEM13GetSysTime_usEv)
    SYSTEM::Systick_Handler()                0x080009ef   Thumb Code     8  system.o(i._ZN6SYSTEM15Systick_HandlerEv)
    SYSTEM::delay_ms(unsigned)               0x080009f7   Thumb Code    28  system.o(i._ZN6SYSTEM8delay_msEj)
    SYSTEM::delay_us(unsigned)               0x08000a13   Thumb Code    30  system.o(i._ZN6SYSTEM8delay_usEj)
    CONST_LED::init()                        0x08000a31   Thumb Code   108  dev_const_led.o(i._ZN9CONST_LED4initEv)
    CONST_LED::led_on()                      0x08000aa5   Thumb Code    16  dev_const_led.o(i._ZN9CONST_LED6led_onEv)
    SCHEDULER::Loop_check()                  0x08000ab9   Thumb Code   138  scheduler.o(i._ZN9SCHEDULER10Loop_checkEv)
    SCHEDULER::Loop_Task_Trigger_Start()     0x08000b49   Thumb Code    88  scheduler.o(i._ZN9SCHEDULER23Loop_Task_Trigger_StartEv)
    main                                     0x08000bd1   Thumb Code    22  arducopter.o(i.main)
    _fp_init                                 0x08000bf5   Thumb Code    10  fpinit.o(x$fpl$fpinit)
    __fplib_config_fpu_vfp                   0x08000bfd   Thumb Code     0  fpinit.o(x$fpl$fpinit)
    __fplib_config_pureend_doubles           0x08000bfd   Thumb Code     0  fpinit.o(x$fpl$fpinit)
    vtable for DEV_RGBLED                    0x08000c00   Data          12  dev_rgbled.o(.constdata__ZTV10DEV_RGBLED)
    vtable for DEV_LED                       0x08000c0c   Data          12  dev_rgbled.o(.constdata__ZTV7DEV_LED)
    vtable for CONST_LED                     0x08000c18   Data          12  dev_const_led.o(.constdata__ZTV9CONST_LED)
    Region$$Table$$Base                      0x08000c24   Number         0  anon$$obj.o(Region$$Table)
    Region$$Table$$Limit                     0x08000c44   Number         0  anon$$obj.o(Region$$Table)
    SHT$$INIT_ARRAY$$Base                    0x08000c44   Number         0  dev_rgbled.o(.init_array)
    SHT$$INIT_ARRAY$$Limit                   0x08000c4c   Number         0  init_aeabi.o(.init_array)
    Board                                    0x20000000   Data           1  board.o(.data)
    Rgb_led                                  0x20000004   Data           4  dev_rgbled.o(.data)
    Mode_Colour_Led                          0x20000008   Data           5  dev_rgbled.o(.data)
    DEV_RGBLED_Color_Index                   0x2000000d   Data          28  dev_rgbled.o(.data)
    Const_led                                0x2000002c   Data           4  dev_const_led.o(.data)
    IIC2                                     0x20000030   Data           1  dev_soft_iic.o(.data)
    LoopTime                                 0x20000044   Data          26  scheduler.o(.bss)
    Scheduler                                0x20000060   Data          20  scheduler.o(.bss)
    System_set                               0x20000074   Data         184  system.o(.bss)
    __libspace_start                         0x2000012c   Data          96  libspace.o(.bss)
    __temporary_stack_top$libspace           0x2000018c   Data           0  libspace.o(.bss)



==============================================================================

Memory Map of the image

  Image Entry point : 0x080001ad

  Load Region LR_IROM1 (Base: 0x08000000, Size: 0x00000c90, Max: 0x00200000, ABSOLUTE)

    Execution Region ER_IROM1 (Base: 0x08000000, Size: 0x00000c4c, Max: 0x00200000, ABSOLUTE)

    Base Addr    Size         Type   Attr      Idx    E Section Name        Object

    0x08000000   0x000001ac   Data   RO         1813    RESET               startup_stm32f427_437xx.o
    0x080001ac   0x00000008   Code   RO         4797  * !!!main             c_w.l(__main.o)
    0x080001b4   0x00000034   Code   RO         5281    !!!scatter          c_w.l(__scatter.o)
    0x080001e8   0x0000001a   Code   RO         5283    !!handler_copy      c_w.l(__scatter_copy.o)
    0x08000202   0x00000002   PAD
    0x08000204   0x0000001c   Code   RO         5285    !!handler_zi        c_w.l(__scatter_zi.o)
    0x08000220   0x00000002   Code   RO         5160    .ARM.Collect$$libinit$$00000000  c_w.l(libinit.o)
    0x08000222   0x00000004   Code   RO         4947    .ARM.Collect$$libinit$$00000001  c_w.l(libinit2.o)
    0x08000226   0x00000000   Code   RO         4950    .ARM.Collect$$libinit$$00000004  c_w.l(libinit2.o)
    0x08000226   0x00000000   Code   RO         4953    .ARM.Collect$$libinit$$0000000A  c_w.l(libinit2.o)
    0x08000226   0x00000000   Code   RO         4955    .ARM.Collect$$libinit$$0000000C  c_w.l(libinit2.o)
    0x08000226   0x00000000   Code   RO         4957    .ARM.Collect$$libinit$$0000000E  c_w.l(libinit2.o)
    0x08000226   0x00000000   Code   RO         4960    .ARM.Collect$$libinit$$00000011  c_w.l(libinit2.o)
    0x08000226   0x00000000   Code   RO         4962    .ARM.Collect$$libinit$$00000013  c_w.l(libinit2.o)
    0x08000226   0x00000000   Code   RO         4964    .ARM.Collect$$libinit$$00000015  c_w.l(libinit2.o)
    0x08000226   0x00000000   Code   RO         4966    .ARM.Collect$$libinit$$00000017  c_w.l(libinit2.o)
    0x08000226   0x00000000   Code   RO         4968    .ARM.Collect$$libinit$$00000019  c_w.l(libinit2.o)
    0x08000226   0x00000000   Code   RO         4970    .ARM.Collect$$libinit$$0000001B  c_w.l(libinit2.o)
    0x08000226   0x00000000   Code   RO         4972    .ARM.Collect$$libinit$$0000001D  c_w.l(libinit2.o)
    0x08000226   0x00000000   Code   RO         4974    .ARM.Collect$$libinit$$0000001F  c_w.l(libinit2.o)
    0x08000226   0x00000000   Code   RO         4976    .ARM.Collect$$libinit$$00000021  c_w.l(libinit2.o)
    0x08000226   0x00000000   Code   RO         4978    .ARM.Collect$$libinit$$00000023  c_w.l(libinit2.o)
    0x08000226   0x00000000   Code   RO         4980    .ARM.Collect$$libinit$$00000025  c_w.l(libinit2.o)
    0x08000226   0x00000000   Code   RO         4984    .ARM.Collect$$libinit$$0000002C  c_w.l(libinit2.o)
    0x08000226   0x00000000   Code   RO         4986    .ARM.Collect$$libinit$$0000002E  c_w.l(libinit2.o)
    0x08000226   0x00000000   Code   RO         4988    .ARM.Collect$$libinit$$00000030  c_w.l(libinit2.o)
    0x08000226   0x00000004   Code   RO         4989    .ARM.Collect$$libinit$$00000031  c_w.l(libinit2.o)
    0x0800022a   0x00000000   Code   RO         4990    .ARM.Collect$$libinit$$00000032  c_w.l(libinit2.o)
    0x0800022a   0x00000002   Code   RO         4991    .ARM.Collect$$libinit$$00000033  c_w.l(libinit2.o)
    0x0800022c   0x00000002   Code   RO         5258    .ARM.Collect$$libshutdown$$00000000  c_w.l(libshutdown.o)
    0x0800022e   0x00000000   Code   RO         5264    .ARM.Collect$$libshutdown$$00000002  c_w.l(libshutdown2.o)
    0x0800022e   0x00000000   Code   RO         5266    .ARM.Collect$$libshutdown$$00000004  c_w.l(libshutdown2.o)
    0x0800022e   0x00000000   Code   RO         5269    .ARM.Collect$$libshutdown$$00000007  c_w.l(libshutdown2.o)
    0x0800022e   0x00000000   Code   RO         5272    .ARM.Collect$$libshutdown$$0000000A  c_w.l(libshutdown2.o)
    0x0800022e   0x00000000   Code   RO         5274    .ARM.Collect$$libshutdown$$0000000C  c_w.l(libshutdown2.o)
    0x0800022e   0x00000000   Code   RO         5277    .ARM.Collect$$libshutdown$$0000000F  c_w.l(libshutdown2.o)
    0x0800022e   0x00000002   Code   RO         5278    .ARM.Collect$$libshutdown$$00000010  c_w.l(libshutdown2.o)
    0x08000230   0x00000000   Code   RO         4940    .ARM.Collect$$rtentry$$00000000  c_w.l(__rtentry.o)
    0x08000230   0x00000000   Code   RO         5029    .ARM.Collect$$rtentry$$00000002  c_w.l(__rtentry2.o)
    0x08000230   0x00000006   Code   RO         5041    .ARM.Collect$$rtentry$$00000004  c_w.l(__rtentry4.o)
    0x08000236   0x00000000   Code   RO         5031    .ARM.Collect$$rtentry$$00000009  c_w.l(__rtentry2.o)
    0x08000236   0x00000004   Code   RO         5032    .ARM.Collect$$rtentry$$0000000A  c_w.l(__rtentry2.o)
    0x0800023a   0x00000000   Code   RO         5034    .ARM.Collect$$rtentry$$0000000C  c_w.l(__rtentry2.o)
    0x0800023a   0x00000008   Code   RO         5035    .ARM.Collect$$rtentry$$0000000D  c_w.l(__rtentry2.o)
    0x08000242   0x00000002   Code   RO         5173    .ARM.Collect$$rtexit$$00000000  c_w.l(rtexit.o)
    0x08000244   0x00000000   Code   RO         5223    .ARM.Collect$$rtexit$$00000002  c_w.l(rtexit2.o)
    0x08000244   0x00000004   Code   RO         5224    .ARM.Collect$$rtexit$$00000003  c_w.l(rtexit2.o)
    0x08000248   0x00000006   Code   RO         5225    .ARM.Collect$$rtexit$$00000004  c_w.l(rtexit2.o)
    0x0800024e   0x00000002   PAD
    0x08000250   0x00000040   Code   RO         1814    .text               startup_stm32f427_437xx.o
    0x08000290   0x00000006   Code   RO         4795    .text               c_w.l(heapauxi.o)
    0x08000296   0x00000002   PAD
    0x08000298   0x00000024   Code   RO         4802    .text               c_w.l(init_aeabi.o)
    0x080002bc   0x0000000c   Code   RO         5075    .text               c_w.l(sys_exit.o)
    0x080002c8   0x00000008   Code   RO         5077    .text               c_w.l(libspace.o)
    0x080002d0   0x0000004a   Code   RO         5080    .text               c_w.l(sys_stackheap_outer.o)
    0x0800031a   0x00000012   Code   RO         5143    .text               c_w.l(exit.o)
    0x0800032c   0x00000002   Code   RO         5168    .text               c_w.l(use_no_semi.o)
    0x0800032e   0x00000000   Code   RO         5172    .text               c_w.l(indicate_semi.o)
    0x0800032e   0x00000004   Code   RO         1696    i.BusFault_Handler  stm32f4xx_it.o
    0x08000332   0x00000002   Code   RO         1697    i.DebugMon_Handler  stm32f4xx_it.o
    0x08000334   0x00000090   Code   RO         2178    i.GPIO_Init         stm32f4xx_gpio.o
    0x080003c4   0x00000004   Code   RO         2185    i.GPIO_ResetBits    stm32f4xx_gpio.o
    0x080003c8   0x00000004   Code   RO         2186    i.GPIO_SetBits      stm32f4xx_gpio.o
    0x080003cc   0x00000012   Code   RO         2187    i.GPIO_StructInit   stm32f4xx_gpio.o
    0x080003de   0x00000004   Code   RO         1698    i.HardFault_Handler  stm32f4xx_it.o
    0x080003e2   0x00000004   Code   RO         1699    i.MemManage_Handler  stm32f4xx_it.o
    0x080003e6   0x00000002   Code   RO         1700    i.NMI_Handler       stm32f4xx_it.o
    0x080003e8   0x00000014   Code   RO         1821    i.NVIC_PriorityGroupConfig  misc.o
    0x080003fc   0x00000002   Code   RO         1701    i.PendSV_Handler    stm32f4xx_it.o
    0x080003fe   0x00000002   PAD
    0x08000400   0x00000020   Code   RO         2289    i.RCC_AHB1PeriphClockCmd  stm32f4xx_rcc.o
    0x08000420   0x000000e4   Code   RO         2310    i.RCC_GetClocksFreq  stm32f4xx_rcc.o
    0x08000504   0x00000002   Code   RO         1702    i.SVC_Handler       stm32f4xx_it.o
    0x08000506   0x00000028   Code   RO         1824    i.SysTick_CLKSourceConfig  misc.o
    0x0800052e   0x00000002   PAD
    0x08000530   0x00000018   Code   RO         1703    i.SysTick_Handler   stm32f4xx_it.o
    0x08000548   0x00000068   Code   RO         1774    i.SystemInit        system_stm32f4xx.o
    0x080005b0   0x00000004   Code   RO         1704    i.UsageFault_Handler  stm32f4xx_it.o
    0x080005b4   0x0000004c   Code   RO          704    i._ZN12DEV_SOFT_IIC11I2C_WaitAckEv  dev_soft_iic.o
    0x08000600   0x00000038   Code   RO          705    i._ZN12DEV_SOFT_IIC12I2C_GpioInitEv  dev_soft_iic.o
    0x08000638   0x00000064   Code   RO          707    i._ZN12DEV_SOFT_IIC12I2C_SendByteEh  dev_soft_iic.o
    0x0800069c   0x0000007c   Code   RO          712    i._ZN12DEV_SOFT_IIC16IIC2_Test_RGBledEv  dev_soft_iic.o
    0x08000718   0x00000070   Code   RO          713    i._ZN12DEV_SOFT_IIC16IIC2_Write_nByteEhhPhh  dev_soft_iic.o
    0x08000788   0x00000028   Code   RO          716    i._ZN12DEV_SOFT_IIC8I2C_StopEv  dev_soft_iic.o
    0x080007b0   0x00000010   Code   RO          717    i._ZN12DEV_SOFT_IIC9I2C_DelayEv  dev_soft_iic.o
    0x080007c0   0x0000003c   Code   RO          718    i._ZN12DEV_SOFT_IIC9I2C_StartEv  dev_soft_iic.o
    0x080007fc   0x00000120   Code   RO         1775    i._ZN40_INTERNAL_18_system_stm32f4xx_c_5d646a6711SetSysClockEv  system_stm32f4xx.o
    0x0800091c   0x00000030   Code   RO          444    i._ZN5BOARD10Board_InitEv  board.o
    0x0800094c   0x00000070   Code   RO          379    i._ZN6SYSTEM12SysTick_InitEv  system.o
    0x080009bc   0x00000032   Code   RO          380    i._ZN6SYSTEM13GetSysTime_usEv  system.o
    0x080009ee   0x00000008   Code   RO          382    i._ZN6SYSTEM15Systick_HandlerEv  system.o
    0x080009f6   0x0000001c   Code   RO          383    i._ZN6SYSTEM8delay_msEj  system.o
    0x08000a12   0x0000001e   Code   RO          384    i._ZN6SYSTEM8delay_usEj  system.o
    0x08000a30   0x00000074   Code   RO          582    i._ZN9CONST_LED4initEv  dev_const_led.o
    0x08000aa4   0x00000014   Code   RO          583    i._ZN9CONST_LED6led_onEv  dev_const_led.o
    0x08000ab8   0x00000090   Code   RO          274    i._ZN9SCHEDULER10Loop_checkEv  scheduler.o
    0x08000b48   0x00000058   Code   RO          287    i._ZN9SCHEDULER23Loop_Task_Trigger_StartEv  scheduler.o
    0x08000ba0   0x00000018   Code   RO          545    i.__sti___14_dev_rgbled_cpp_Rgb_led  dev_rgbled.o
    0x08000bb8   0x00000018   Code   RO          586    i.__sti___17_dev_const_led_cpp_d24680b0  dev_const_led.o
    0x08000bd0   0x00000024   Code   RO            3    i.main              arducopter.o
    0x08000bf4   0x0000000a   Code   RO         5073    x$fpl$fpinit        fz_wm.l(fpinit.o)
    0x08000bfe   0x00000002   PAD
    0x08000c00   0x0000000c   Data   RO          567    .constdata__ZTV10DEV_RGBLED  dev_rgbled.o
    0x08000c0c   0x0000000c   Data   RO          569    .constdata__ZTV7DEV_LED  dev_rgbled.o
    0x08000c18   0x0000000c   Data   RO          623    .constdata__ZTV9CONST_LED  dev_const_led.o
    0x08000c24   0x00000020   Data   RO         5279    Region$$Table       anon$$obj.o
    0x08000c44   0x00000004   Data   RO          549    .init_array         dev_rgbled.o
    0x08000c48   0x00000004   Data   RO          593    .init_array         dev_const_led.o
    0x08000c4c   0x00000000   Data   RO         4800    .init_array         c_w.l(init_aeabi.o)


    Execution Region RW_IRAM1 (Base: 0x20000000, Size: 0x00000b90, Max: 0x00030000, ABSOLUTE)

    Base Addr    Size         Type   Attr      Idx    E Section Name        Object

    0x20000000   0x00000001   Data   RW          446    .data               board.o
    0x20000001   0x00000003   PAD
    0x20000004   0x00000025   Data   RW          548    .data               dev_rgbled.o
    0x20000029   0x00000003   PAD
    0x2000002c   0x00000004   Data   RW          592    .data               dev_const_led.o
    0x20000030   0x00000001   Data   RW          734    .data               dev_soft_iic.o
    0x20000031   0x00000010   Data   RW         2395    .data               stm32f4xx_rcc.o
    0x20000041   0x00000003   PAD
    0x20000044   0x00000030   Zero   RW          302    .bss                scheduler.o
    0x20000074   0x000000b8   Zero   RW          392    .bss                system.o
    0x2000012c   0x00000060   Zero   RW         5078    .bss                c_w.l(libspace.o)
    0x2000018c   0x00000004   PAD
    0x20000190   0x00000200   Zero   RW         1812    HEAP                startup_stm32f427_437xx.o
    0x20000390   0x00000800   Zero   RW         1811    STACK               startup_stm32f427_437xx.o


==============================================================================

Image component sizes


      Code (inc. data)   RO Data    RW Data    ZI Data      Debug   Object Name

        36         14          0          0          0     261603   arducopter.o
        48         12          0          1          0       2248   board.o
       160         26         16          4          0       1912   dev_const_led.o
        24         14         28         37          0       2933   dev_rgbled.o
       584         30          0          1          0       7295   dev_soft_iic.o
        60         10          0          0          0       1193   misc.o
       232          6          0          0         48       2369   scheduler.o
        64         26        428          0       2560        848   startup_stm32f427_437xx.o
       170          0          0          0          0       3090   stm32f4xx_gpio.o
        48          8          0          0          0       4234   stm32f4xx_it.o
       260         20          0         16          0       3697   stm32f4xx_rcc.o
       228          8          0          0        184      30036   system.o
       392         32          0          0          0       1581   system_stm32f4xx.o

    ----------------------------------------------------------------------
      2310        206        504         68       2792     323039   Object Totals
         0          0         32          0          0          0   (incl. Generated)
         4          0          0          9          0          0   (incl. Padding)

    ----------------------------------------------------------------------

      Code (inc. data)   RO Data    RW Data    ZI Data      Debug   Library Member Name

         8          0          0          0          0         68   __main.o
         0          0          0          0          0          0   __rtentry.o
        12          0          0          0          0          0   __rtentry2.o
         6          0          0          0          0          0   __rtentry4.o
        52          8          0          0          0          0   __scatter.o
        26          0          0          0          0          0   __scatter_copy.o
        28          0          0          0          0          0   __scatter_zi.o
        18          0          0          0          0         80   exit.o
         6          0          0          0          0        152   heapauxi.o
         0          0          0          0          0          0   indicate_semi.o
        36         10          0          0          0         80   init_aeabi.o
         2          0          0          0          0          0   libinit.o
        10          0          0          0          0          0   libinit2.o
         2          0          0          0          0          0   libshutdown.o
         2          0          0          0          0          0   libshutdown2.o
         8          4          0          0         96         68   libspace.o
         2          0          0          0          0          0   rtexit.o
        10          0          0          0          0          0   rtexit2.o
        12          4          0          0          0         68   sys_exit.o
        74          0          0          0          0         80   sys_stackheap_outer.o
         2          0          0          0          0         68   use_no_semi.o
        10          0          0          0          0        116   fpinit.o

    ----------------------------------------------------------------------
       334         26          0          0        100        780   Library Totals
         8          0          0          0          4          0   (incl. Padding)

    ----------------------------------------------------------------------

      Code (inc. data)   RO Data    RW Data    ZI Data      Debug   Library Name

       316         26          0          0         96        664   c_w.l
        10          0          0          0          0        116   fz_wm.l

    ----------------------------------------------------------------------
       334         26          0          0        100        780   Library Totals

    ----------------------------------------------------------------------

==============================================================================


      Code (inc. data)   RO Data    RW Data    ZI Data      Debug   

      2644        232        504         68       2892     320111   Grand Totals
      2644        232        504         68       2892     320111   ELF Image Totals
      2644        232        504         68          0          0   ROM Totals

==============================================================================

    Total RO  Size (Code + RO Data)                 3148 (   3.07kB)
    Total RW  Size (RW Data + ZI Data)              2960 (   2.89kB)
    Total ROM Size (Code + RO Data + RW Data)       3216 (   3.14kB)

==============================================================================

